Component Report
C:/Documents and Settings/a0324020/My Documents/Catalog MCU/Gladiator EVM/Layout/RevE/tms570_hdk_reve.brd
Sun Jan 22 16:29:04 2012
Total Components:  583
REFDES,COMP_DEVICE_TYPE,COMP_VALUE,COMP_TOL,COMP_PACKAGE,SYM_X,SYM_Y,SYM_ROTATE,SYM_MIRROR
C1,CAP 0.1UF CERMC 16V 10% 402_C04,NO-POP,,C0402,3835.00,1355.00,180.000,YES
C2,CAP 0.1UF CERMC 16V 10% 402_C04,NO-POP,,C0402,3830.00,1730.00,180.000,YES
C3,CAP 0.1UF CERMC 16V 10% 402_C04,NO-POP,,C0402,3835.00,1320.00,180.000,YES
C4,CAP 0.1UF CERMC 16V 10% 402_C04,NO-POP,,C0402,3830.00,1765.00,180.000,YES
C5,CAP 0.1UF CERMC 16V 10% 402_C04,NO-POP,,C0402,3835.00,1425.00,180.000,YES
C6,CAP 0.1UF CERMC 16V 10% 402_C04,NO-POP,,C0402,3830.00,1800.00,180.000,YES
C7,CAP 0.1UF CERMC 16V 10% 402_C04,NO-POP,,C0402,3835.00,1390.00,180.000,YES
C8,CAP 0.1UF CERMC 16V 10% 402_C04,NO-POP,,C0402,3830.00,1835.00,180.000,YES
C9,CAP 0.1UF CERMC 16V 10% 402_C04,NO-POP,,C0402,3835.00,1495.00,180.000,YES
C10,CAP 0.1UF CERMC 16V 10% 402_C04,NO-POP,,C0402,3830.00,1870.00,180.000,YES
C11,CAP 0.1UF CERMC 16V 10% 402_C04,NO-POP,,C0402,3835.00,1460.00,180.000,YES
C12,CAP 0.1UF CERMC 16V 10% 402_C04,NO-POP,,C0402,3830.00,1905.00,180.000,YES
C13,CAP 0.1UF CERMC 16V 10% 402_C04,NO-POP,,C0402,3835.00,1530.00,180.000,YES
C14,CAP 0.1UF CERMC 16V 10% 402_C04,NO-POP,,C0402,3830.00,1940.00,180.000,YES
C15,CAP 0.1UF CERMC 16V 10% 402_C04,NO-POP,,C0402,3835.00,1565.00,180.000,YES
C16,CAP 0.1UF CERMC 16V 10% 402_C04,NO-POP,,C0402,3830.00,1975.00,180.000,YES
C17,CAP 0.1UF CERMC 16V 10% 402_C04,NO-POP,,C0402,3830.00,955.00,180.000,YES
C18,CAP NP_C0402_0.1UF,0.1uF,,C0402,3185.00,2295.00,180.000,YES
C19,CAP 0.1UF CERMC 16V 10% 402_C04,NO-POP,,C0402,3830.00,990.00,180.000,YES
C20,CAP NP_C0402_0.1UF,0.1uF,,C0402,3185.00,2335.00,180.000,YES
C21,CAP 0.1UF CERMC 16V 10% 402_C04,NO-POP,,C0402,3830.00,1025.00,180.000,YES
C22,CAP 0.1UF CERMC 16V 10% 402_C04,NO-POP,,C0402,3830.00,1060.00,180.000,YES
C23,CAP 0.1UF CERMC 16V 10% 402_C04,NO-POP,,C0402,3830.00,1095.00,180.000,YES
C24,CAP 0.1UF CERMC 16V 10% 402_C04,NO-POP,,C0402,3830.00,1130.00,180.000,YES
C25,CAP 0.1UF CERMC 16V 10% 402_C04,NO-POP,,C0402,3830.00,1165.00,180.000,YES
C26,CAP 0.1UF CERMC 16V 10% 402_C04,NO-POP,,C0402,3830.00,1200.00,180.000,YES
C27,CAP NP_C0402_10PF,10pF,,C0402,2795.00,1635.00,270.000,YES
C28,CAP NP_C0402_10PF,10pF,,C0402,2845.00,1635.00,90.000,YES
C29,CAP NP_1_C0603_22PF,22pF,,C0603,2340.00,2650.00,270.000,NO
C30,CAP NP_C0402_0.1UF,0.1uF,,C0402,1250.00,3455.00,180.000,NO
C31,CAP NP_C0402_0.1UF,0.1uF,,C0402,1875.00,3335.00,90.000,YES
C32,CAP NP_C0402_0.1UF,0.1uF,,C0402,3355.00,2000.00,270.000,YES
C33,CAP NP_C0402_0.1UF,0.1uF,,C0402,2485.00,2150.00,0.000,YES
C34,CAP 22UF TAN 6_1.3V 20% EIA_B_C,22uF,,C1210_POL,3560.00,1940.00,0.000,YES
C35,CAP NP_C0402_0.1UF,0.1uF,,C0402,2815.00,2154.00,180.000,YES
C36,CAP NP_C0402_0.1UF,0.1uF,,C0402,2665.00,1970.00,90.000,YES
C37,CAP NP_C0402_0.1UF,0.1uF,,C0402,2660.00,2305.00,270.000,YES
C38,CAP NP_C0402_0.1UF,0.1uF,,C0402,3295.00,2030.00,90.000,NO
C39,CAP NP_C0402_0.1UF,0.1uF,,C0402,3245.00,2030.00,90.000,NO
C40,CAP NP_C0402_0.1UF,0.1uF,,C0402,2711.00,2150.00,0.000,YES
C41,CAP NP_C0805_22UF,22uF,,C0805,3190.00,1980.00,270.000,YES
C42,CAP NP_C0402_0.1UF,0.1uF,,C0402,2660.00,2195.00,90.000,YES
C43,CAP NP_C0402_0.1UF,0.1uF,,C0402,2665.00,2080.00,270.000,YES
C44,CAP NP_C0402_0.1UF,0.1uF,,C0402,2600.00,2155.00,180.000,YES
C45,CAP 22UF TAN 6_1.3V 20% EIA_B_C,22uF,,C1210_POL,3555.00,1750.00,180.000,NO
C46,CAP NP_C0402_0.1UF,0.1uF,,C0402,3365.00,1750.00,0.000,NO
C47,CAP NP_C0805_22UF,22uF,,C0805,2135.00,2015.00,0.000,YES
C48,CAP NP_C0402_0.1UF,0.1uF,,C0402,2250.00,2305.00,270.000,YES
C49,CAP NP_C0402_0.1UF,0.1uF,,C0402,2761.00,2120.00,270.000,YES
C50,CAP NP_C0402_0.1UF,0.1uF,,C0402,2725.00,2250.00,180.000,YES
C51,CAP NP_C0402_0.1UF,0.1uF,,C0402,3060.00,2250.00,180.000,YES
C52,CAP NP_C0402_0.1UF,0.1uF,,C0402,2535.00,2230.00,90.000,YES
C53,CAP NP_C0402_0.1UF,0.1uF,,C0402,2535.00,2160.00,90.000,YES
C54,CAP NP_C0402_0.1UF,0.1uF,,C0402,2875.00,2540.00,180.000,YES
C55,CAP NP_C0402_0.1UF,0.1uF,,C0402,2761.00,2195.00,90.000,YES
C56,CAP NP_C0402_0.1UF,0.1uF,,C0402,2655.00,2250.00,180.000,YES
C57,CAP NP_C0402_0.01UF,0.01uF,,C0402,3330.00,2160.00,270.000,YES
C58,CAP 22UF TAN 6_1.3V 20% EIA_B_C,22uF,,C1210_POL,3540.00,2145.00,0.000,YES
C59,CAP NP_C0402_0.1UF,0.1uF,,C0402,2255.00,1915.00,0.000,YES
C60,CAP NP_C0402_0.1UF,0.1uF,,C0402,2555.00,2030.00,180.000,YES
C61,CAP NP_C0402_0.1UF,0.1uF,,C0402,2510.00,1740.00,90.000,YES
C62,CAP NP_C0402_0.1UF,0.1uF,,C0402,2630.00,2025.00,180.000,YES
C63,CAP NP_C0402_0.1UF,0.1uF,,C0402,2705.00,2025.00,0.000,YES
C64,CAP NP_C0402_0.1UF,0.1uF,,C0402,2585.00,2250.00,180.000,YES
C65,CAP NP_C0402_0.1UF,0.1uF,,C0402,2761.00,2047.00,270.000,YES
C66,CAP NP_C0805_22UF,22uF,,C0805,2500.00,2600.00,0.000,YES
C67,CAP NP_C0402_0.1UF,0.1uF,,C0402,3055.00,1918.00,90.000,YES
C68,CAP 22UF TAN 6_1.3V 20% EIA_B_C,22uF,,C1210_POL,1920.00,1925.00,270.000,YES
C69,CAP NP_C0402_0.1UF,0.1uF,,C0402,2535.00,2085.00,270.000,YES
C70,CAP NP_C0402_0.1UF,0.1uF,,C0402,3020.00,2330.00,270.000,YES
C75,CAP NP_C0603_10UF,10uF,,C0603,2485.00,1155.00,270.000,YES
C76,CAP NP_C0402_0.1UF,0.1uF,,C0402,2659.00,855.00,270.000,YES
C77,CAP NP_C0402_0.1UF,0.1uF,,C0402,2659.00,925.00,270.000,YES
C78,CAP NP_C0402_0.1UF,0.1uF,,C0402,2770.00,868.00,180.000,YES
C79,CAP NP_C0402_0.1UF,0.1uF,,C0402,2768.00,995.00,180.000,YES
C80,CAP NP_C0402_0.1UF,0.1uF,,C0402,2605.00,995.00,0.000,YES
C81,CAP NP_C0402_0.1UF,0.1uF,,C0402,2770.00,933.00,180.000,YES
C82,CAP NP_C0402_0.1UF,0.1uF,,C0402,2585.00,810.00,180.000,YES
C83,CAP NP_C0603_10UF,10uF,,C0603,2960.00,1130.00,0.000,YES
C84,CAP NP_C0402_0.1UF,0.1uF,,C0402,2905.00,205.00,90.000,NO
C85,CAP 100NF CERMC 16V 10% 603_C06,100pF,,C0603,3030.00,215.00,90.000,NO
C86,CAP NP_C0402_0.1UF,0.1uF,,C0402,2270.00,145.00,180.000,NO
C87,CAP 100NF CERMC 16V 10% 603_C06,100pF,,C0603,2420.00,260.00,90.000,NO
C88,CAP NP_C0402_0.1UF,0.1uF,,C0402,729.00,4719.00,180.000,YES
C89,CAP NP_C0402_0.1UF,0.1uF,,C0402,2205.00,2920.00,0.000,YES
C90,CAP NP_C0402_0.1UF,0.1uF,,C0402,2805.00,3930.00,90.000,YES
C91,CAP NP_C0402_0.1UF,0.1uF,,C0402,1805.00,3670.00,90.000,YES
C92,CAP NP_C0402_0.1UF,0.1uF,,C0402,1695.00,3680.00,90.000,YES
C93,CAP NP_C0402_0.1UF,0.1uF,,C0402,2740.00,4475.00,270.000,NO
C94,CAP NP_C0402_0.1UF,0.1uF,,C0402,1445.00,4185.00,90.000,YES
C95,CAP NP_C0402_0.1UF,0.1uF,,C0402,1495.00,3840.00,0.000,YES
C96,CAP NP_C0402_0.1UF,0.1uF,,C0402,1500.00,3950.00,0.000,YES
C97,CAP NP_C0402_0.1UF,0.1uF,,C0402,1940.00,4325.00,270.000,YES
C98,CAP NP_C0402_0.1UF,0.1uF,,C0402,1675.00,4030.00,90.000,YES
C99,CAP NP_C0402_0.1UF,0.1uF,,C0402,1505.00,4360.00,270.000,YES
C100,CAP NP_C0402_0.1UF,0.1uF,,C0402,2600.00,3160.00,180.000,YES
C101,CAP NP_C0402_0.1UF,0.1uF,,C0402,2155.00,3635.00,90.000,YES
C102,CAP NP_1_C0402_NO-POP,NO-POP,,C0402,2330.00,3860.00,90.000,YES
C103,CAP NP_1_C0402_NO-POP,NO-POP,,C0402,2365.00,3860.00,90.000,YES
C104,CAP NP_1_C0402_NO-POP,NO-POP,,C0402,2400.00,3860.00,90.000,YES
C105,CAP NP_1_C0402_NO-POP,NO-POP,,C0402,2435.00,3860.00,90.000,YES
C106,CAP NP_1_C0402_0.01UF,0.01uF,,C0402,2685.00,3970.00,90.000,YES
C107,CAP NP_C0603_10UF,10uF,,C0603,2550.00,3420.00,90.000,NO
C108,CAP NP_C0402_0.1UF,0.1uF,,C0402,2400.00,3550.00,0.000,YES
C109,CAP NP_C0402_0.1UF,0.1uF,,C0402,2270.00,3840.00,0.000,YES
C110,CAP NP_C0402_0.1UF,0.1uF,,C0402,2545.00,3945.00,90.000,YES
C111,CAP NP_C0402_4.7NF,4.7nF,,C0402,1935.00,215.00,90.000,YES
C112,CAP NP_C0402_0.1UF,0.1uF,,C0402,1850.00,100.00,90.000,YES
C113,CAP NP_C0402_0.1UF,0.1uF,,C0402,1920.00,345.00,180.000,YES
C114,CAP NP_C0402_4.7NF,4.7nF,,C0402,3290.00,215.00,90.000,YES
C115,CAP NP_C0402_0.1UF,0.1uF,,C0402,3275.00,345.00,180.000,YES
C116,CAP NP_C0402_0.1UF,0.1uF,,C0402,3205.00,100.00,90.000,YES
C117,CAP NP_C0402_NOP,NOP,,C0402,915.00,3890.00,270.000,YES
C118,CAP NP_C0402_0.1UF,0.1uF,,C0402,1095.00,3510.00,0.000,YES
C119,CAP 22UF TAN 6_1.3V 20% EIA_B_C,22uF,,C1210_POL,1190.00,4445.00,180.000,NO
C120,CAP NP_C0402_0.1UF,0.1uF,,C0402,1290.00,4305.00,0.000,YES
C121,CAP NP_C0402_0.01UF,0.01uF,,C0402,1305.00,4186.00,0.000,NO
C122,CAP NP_C0402_0.1UF,0.1uF,,C0402,1285.00,4240.00,180.000,YES
C123,CAP NP_C0402_0.1UF,0.1uF,,C0402,1405.00,3155.00,0.000,YES
C124,CAP NP_C0402_0.1UF,0.1uF,,C0402,1780.00,3080.00,90.000,YES
C125,CAP NP_C0402_0.1UF,0.1uF,,C0402,1330.00,2865.00,90.000,YES
C126,CAP NP_C0402_4.7UF,4.7uF,,C0402,1235.00,2825.00,90.000,YES
C127,CAP NP_C0402_4.7UF,4.7uF,,C0402,1270.00,3260.00,0.000,YES
C128,CAP NP_C0402_0.1UF,0.1uF,,C0402,1695.00,3155.00,0.000,YES
C129,CAP NP_C0402_0.1UF,0.1uF,,C0402,1485.00,2720.00,270.000,YES
C130,CAP NP_C0402_0.1UF,0.1uF,,C0402,1565.00,3085.00,0.000,YES
C131,CAP NP_C0402_0.1UF,0.1uF,,C0402,1365.00,2935.00,90.000,YES
C132,CAP NP_C0402_0.1UF,0.1uF,,C0402,1350.00,3025.00,180.000,YES
C133,CAP NP_C0402_0.1UF,0.1uF,,C0402,1435.00,4815.00,270.000,NO
C134,CAP NP_C0402_27PF,27pF,,C0402,1180.00,3170.00,0.000,NO
C135,CAP NP_C0402_27PF,27pF,,C0402,1200.00,2950.00,180.000,NO
C136,CAP NP_C0402_0.1UF,0.1uF,,C0402,1475.00,2438.00,180.000,YES
C137,CAP NP_C0402_0.1UF,0.1uF,,C0402,1430.00,2388.00,90.000,YES
C138,CAP NP_C0402_0.1UF,0.1uF,,C0402,1115.00,2505.00,180.000,YES
C139,CAP NP_C0402_0.1UF,0.1uF,,C0402,2815.00,3160.00,180.000,YES
C140,CAP NP_C0402_0.1UF,0.1uF,,C0402,1400.00,1975.00,270.000,YES
C141,CAP NP_C0402_1UF,1uF,,C0402,270.00,3815.00,180.000,YES
C142,CAP NP_C0402_0.1UF,0.1uF,,C0402,1120.00,3890.00,180.000,YES
C143,CAP NP_C0402_0.1UF,0.1uF,,C0402,460.00,3905.00,270.000,YES
C144,CAP NP_0_C0402_NO-POP,NO-POP,,C0402,320.00,3915.00,90.000,NO
C145,CAP NP_C0402_0.1UF,0.1uF,,C0402,375.00,4230.00,90.000,YES
C146,CAP NP_0_C0402_NO-POP,NO-POP,,C0402,505.00,4240.00,270.000,NO
C147,CAP NP_C0402_1UF,1uF,,C0402,270.00,4045.00,180.000,YES
C148,CAP P_C1206_POL_10UF,10uF,,C1206_POL,3645.00,2715.00,270.000,NO
C149,CAP 0.1UF CERMC 16V 10% 402_C_1,0.1uF,,C0402,3740.00,2575.00,180.000,NO
C150,CAP P_C1206_POL_10UF,10uF,,C1206_POL,3530.00,2330.00,180.000,NO
C151,CAP 0.1UF CERMC 16V 10% 402_C06,1uF,,C0603,3770.00,2515.00,180.000,NO
C152,CAP P_C1206_POL_10UF,10uF,,C1206_POL,3220.00,3115.00,90.000,YES
C153,CAP NP_C0402_0.1UF,0.1uF,,C0402,3030.00,3165.00,180.000,YES
C154,CAP P_C1206_POL_10UF,10uF,,C1206_POL,3270.00,2705.00,270.000,YES
C155,CAP P_C1206_POL_10UF,10uF,,C1206_POL,3530.00,3120.00,270.000,NO
C156,CAP NP_C0402_2.2UF,2.2uF,,C0402,3505.00,2765.00,90.000,YES
C157,CAP P_C7343_POL_22UF,50V,22uF,50V,,C7343_POL,3535.00,4220.00,0.000,NO
C158,CAP NP_C0402_0.01UF,0.01uF,,C0402,3290.00,3910.00,90.000,YES
C159,CAP NP_C0402_1UF,1uF,,C0402,3595.00,3955.00,270.000,NO
C160,CAP NP_C0603_10PF,10pF,,C0603,3330.00,3740.00,270.000,NO
C161,CAP NP_C0603_4700PF,4700pF,,C0603,3555.00,3740.00,270.000,NO
C162,CAP NP_C0402_0.1UF,0.1uF,,C0402,3595.00,4055.00,270.000,NO
C163,CAP P_C7343_POL_22UF,25V,22uF,25V,,C7343_POL,3080.00,3850.00,270.000,NO
C164,CAP NP_C0402_0.1UF,0.1uF,,C0402,3565.00,3730.00,270.000,YES
C165,CAP P_C7343_POL_220UF,220uF,,C7343_POL,3380.00,3360.00,180.000,NO
C166,CAP P_C7343_POL_22UF,25V,22uF,25V,,C7343_POL,2985.00,3520.00,180.000,NO
C167,CAP NP_C0805_0.1UF,0.1uF,,C0805,3263.00,4348.00,270.000,YES
C168,CAP P_C1206_POL_10UF,10uF,,C1206_POL,2885.00,3325.00,0.000,NO
C169,CAP P_C1206_POL_10UF,10uF,,C1206_POL,2725.00,3735.00,90.000,NO
C170,CAP 0.1UF CERMC 16V 10% 402_C06,1uF,,C0603,2855.00,3325.00,0.000,YES
C171,CAP 0.1UF CERMC 16V 10% 402_C_2,10nF,,C0402,2680.00,3395.00,180.000,YES
C172,CAP NP_C0402_0.01UF,0.01uF,,C0402,2300.00,2920.00,180.000,YES
C173,CAP NP_C0402_0.1UF,0.1uF,,C0402,1395.00,1700.00,90.000,YES
C174,CAP NP_C0402_0.1UF,0.1uF,,C0402,1395.00,1425.00,90.000,YES
C175,CAP NP_C0402_0.1UF,0.1uF,,C0402,1210.00,1735.00,90.000,NO
C176,CAP NP_1_C0402_0.01UF,0.01uF,,C0402,2480.00,3975.00,270.000,NO
C177,CAP NP_C0402_0.1UF,0.1uF,,C0402,3140.00,970.00,270.000,YES
C178,CAP NP_C0402_1UF,1uF,,C0402,1180.00,3644.00,0.000,NO
D1,LED_0_D0603_RED,RED,,D0603,2120.00,2415.00,0.000,NO
D2,LED_0_D0603_BLUE,BLUE,,D0603,1156.00,4110.00,90.000,NO
D3,LED_0_D0603_HET1_17,HET1_17,,D0603,2159.40,2633.50,135.000,NO
D4,LED_0_D0603_HET1_31,HET1_31,,D0603,2670.00,2650.00,90.000,NO
D5,LED_0_D0603_HET1_00,HET1_00,,D0603,3144.10,2631.70,45.000,NO
D6,LED_0_D0603_HET1_25,HET1_25,,D0603,3136.50,1649.40,315.000,NO
D7,LED_0_D0603_HET1_18,HET1_18,,D0603,2620.00,1615.00,270.000,NO
D8,LED_0_D0603_HET1_29,HET1_29,,D0603,2152.30,1648.50,225.000,NO
D9,LED_1_D0603_100MB,100Mb,,D0603,1935.00,3950.00,270.000,NO
D10,LED_0_D0603_LED,LED,,D0603,1076.00,4110.00,270.000,NO
D11,LED_0_D0603_LED,LED,,D0603,1001.00,4110.00,270.000,NO
D12,LED_0_D0603_LED,LED,,D0603,1650.00,3345.00,270.000,NO
D13,SMCJ6_0.0A_SMC-DO-214AB_SMCJ18A,SMCJ18A,,SMC-DO-214AB,3950.00,4450.00,0.000,NO
D14,DIODE_0_SMB_MURS120T3,MURS120T3,,SMB,3880.00,4205.00,0.000,NO
D18,DIODE SCHOTTKY_D1005_POL_DIODE,DIODE SCHOTTKY,,D1005_POL,1465.00,2125.00,90.000,NO
D19,DIODE SCHOTTKY_D1005_POL_DIODE,DIODE SCHOTTKY,,D1005_POL,1390.00,2125.00,90.000,NO
DS1,LED_0_D0603_JTAG_DIS,JTAG_DIS,,D0603,755.00,3100.00,180.000,NO
DS2,LED_0_D0603_1V2,1V2,,D0603,4250.00,4085.00,180.000,NO
DS3,LED_0_D0603_5V,5V,,D0603,4245.00,4285.00,0.000,NO
DS4,LED_0_D0603_3V3,3V3,,D0603,4245.00,4185.00,0.000,NO
DS5,LED_0_D0603_12V,12V,,D0603,4245.00,4385.00,0.000,NO
E1,NFM21PC474R1C3D_NFM21P_NFM21PC4,NFM21PC474R1C3D,,NFM21P,3755.00,2160.00,270.000,NO
F1,F_2.5A_F1812_2A_QUICKBLOW,2A_QuickBlow,,F1812,3569.00,4222.00,0.000,YES
J1,J0011D01B_0_RJ45-PULSE_J0_J0011,J0011D21B,,RJ45-PULSE_J0,2560.00,4240.00,180.000,NO
J2,CON3_11MMX7MM_CON3,CON3,,11MMX7MM,1315.00,160.00,0.000,NO
J3,CON3_11MMX7MM_CON3,CON3,,11MMX7MM,3580.00,160.00,0.000,NO
J4,ARM20PIN_JTAG_0_10X2_ARM20PIN_J,ARM20PIN_JTAG,,10X2,750.00,3680.00,270.000,NO
J6,RTP-MICTOR_SMC_MICTOR38_RTP-MIC,RTP-mictor,,SMC_MICTOR38,815.00,2000.00,270.000,NO
J7,USBMINI_B_0_USB-MINIB_USBMINI_B,USBMINI_B,,USB-MINIB,1175.00,4615.00,180.000,NO
J8,JUMPER_2_54MMTHROUGHHOLE_JUMPER,JUMPER,,2_54MMTHROUGHHOLE,3660.00,2980.00,90.000,NO
J9,HEADER 33X2_MMS_2MMX33_EXP_P1,EXP_P1,,MMS_2MMX33,4085.00,3130.00,90.000,YES
J10,HEADER 33X2_MMS_2MMX33_EXP_P2,EXP_P2,,MMS_2MMX33,335.00,3130.00,90.000,YES
J11,CONN PLUG 40X2_MMS_2MMX40_EXP P,EXP P3,,MMS_2MMX40,630.00,580.00,180.000,YES
J12,DMM-MICTOR_SMC_MICTOR38_DMM-MIC,DMM-mictor,,SMC_MICTOR38,810.00,905.00,270.000,NO
J13,JUMPER_2_54MMTHROUGHHOLE_JUMPER,JUMPER,,2_54MMTHROUGHHOLE,3295.00,825.00,180.000,NO
J15,MICROSD SLOT_1_MICROSD_MICROSD,MicroSD Slot,,MICROSD,710.00,4320.00,0.000,NO
J16,USBCONN_B_USB-B_EDAC INC,EDAC Inc,,USB-B,1660.00,4325.00,180.000,NO
J17,USBCONN_A_USB-A_NOP,NOP,,USB-A,1710.00,4445.00,180.000,NO
J18,USBCONN_A_USB-A_USBCONN_A,USBCONN_A,,USB-A,2945.00,4425.00,180.000,NO
J19,ETM-MIPI_0_30X2_ETM-MIPI,ETM-MIPI,,30X2,1655.00,950.00,180.000,NO
L1,INDUCTOR_L0805_FERRITE,Ferrite,,L0805,1915.00,3340.00,0.000,NO
L2,FERRITE BEAD_0_L0805_FERRITE,Ferrite,,L0805,2560.00,3930.00,270.000,NO
L3,INDUCTOR_L0805_FERRITE,Ferrite,,L0805,1235.00,2805.00,270.000,NO
L4,INDUCTOR_L0805_FERRITE,Ferrite,,L0805,1270.00,3300.00,90.000,NO
L5,INDUCTOR_L0805_FERRITE,Ferrite,,L0805,1010.00,4470.00,180.000,NO
L6,FERRITE CHIP_L1806_BLM41P750SPT,BLM41P750SPT,,L1806,3775.00,3370.00,270.000,NO
L7,FERRITE CHIP_L1806_BLM41P750SPT,BLM41P750SPT,,L1806,3885.00,3370.00,270.000,NO
L8,FERRITE CHIP_L1806_BLM41P750SPT,BLM41P750SPT,,L1806,3210.00,4205.00,270.000,NO
L9,INDUCTOR IRON_NR10050_10 UH,10 uH,,NR10050,3815.00,3795.00,270.000,NO
L10,FERRITE CHIP_L1806_BLM41P750SPT,BLM41P750SPT,,L1806,3450.00,3575.00,180.000,NO
LED1,LED_0_D0603_HET1_27,HET1_27,,D0603,2125.00,2132.00,180.000,NO
LED2,LED_0_D0603_HET1_05,HET1_05,,D0603,3180.00,2155.00,180.000,NO
P1,DC8_0_100438_DC8,DC8,,100438,3550.00,4625.00,270.000,NO
Q1,2N2222_0_SOT23-28X44_FJV3109R,FJV3109R,,SOT23-28X44,4085.00,4125.00,180.000,NO
Q2,2N6766_1_SOT23_IRLML6346,IRLML6346,,SOT23,1307.00,3691.00,0.000,NO
R1,0OHM402_RESISTOR_2_R0402_0,0,,R0402,3830.00,1905.00,180.000,NO
R2,0OHM402_RESISTOR_2_R0402_0,0,,R0402,3830.00,1975.00,180.000,NO
R3,0OHM402_RESISTOR_2_R0402_0,0,,R0402,3835.00,1565.00,0.000,NO
R4,0OHM402_RESISTOR_2_R0402_0,0,,R0402,3830.00,1940.00,180.000,NO
R5,0OHM402_RESISTOR_2_R0402_0,0,,R0402,3835.00,1530.00,0.000,NO
R6,0OHM402_RESISTOR_2_R0402_0,0,,R0402,3835.00,1460.00,0.000,NO
R7,0OHM402_RESISTOR_2_R0402_0,0,,R0402,3830.00,1870.00,180.000,NO
R8,0OHM402_RESISTOR_2_R0402_0,0,,R0402,3835.00,1495.00,0.000,NO
R9,0OHM402_RESISTOR_2_R0402_0,0,,R0402,3830.00,1835.00,180.000,NO
R10,0OHM402_RESISTOR_2_R0402_0,0,,R0402,3835.00,1390.00,0.000,NO
R11,0OHM402_RESISTOR_2_R0402_0,0,,R0402,3830.00,1800.00,180.000,NO
R12,0OHM402_RESISTOR_2_R0402_0,0,,R0402,3835.00,1425.00,0.000,NO
R13,0OHM402_RESISTOR_2_R0402_0,0,,R0402,3830.00,1765.00,180.000,NO
R14,0OHM402_RESISTOR_2_R0402_0,0,,R0402,3835.00,1320.00,0.000,NO
R15,0OHM402_RESISTOR_2_R0402_0,0,,R0402,3830.00,1730.00,180.000,NO
R16,0OHM402_RESISTOR_2_R0402_0,0,,R0402,3835.00,1355.00,0.000,NO
R17,0OHM402_RESISTOR_2_R0402_0,0,,R0402,3830.00,1200.00,180.000,NO
R18,0OHM402_RESISTOR_2_R0402_0,0,,R0402,3830.00,1165.00,180.000,NO
R19,0OHM402_RESISTOR_2_R0402_0,0,,R0402,2900.00,2600.00,270.000,YES
R20,0OHM402_RESISTOR_2_R0402_0,0,,R0402,3830.00,1130.00,180.000,NO
R21,0OHM402_RESISTOR_2_R0402_0,0,,R0402,3830.00,1095.00,180.000,NO
R22,0OHM402_RESISTOR_2_R0402_0,0,,R0402,3185.00,2295.00,0.000,NO
R23,0OHM402_RESISTOR_2_R0402_NOP,NOP,,R0402,3185.00,2335.00,180.000,NO
R24,0OHM402_RESISTOR_2_R0402_0,0,,R0402,3830.00,1060.00,180.000,NO
R25,0OHM402_RESISTOR_2_R0402_0,0,,R0402,3830.00,1025.00,180.000,NO
R26,0OHM402_RESISTOR_2_R0402_0,0,,R0402,3185.00,2260.00,0.000,NO
R27,0OHM402_RESISTOR_2_R0402_0,0,,R0402,3830.00,990.00,180.000,NO
R28,0OHM402_RESISTOR_2_R0402_0,0,,R0402,3830.00,955.00,180.000,NO
R29,0OHM402_RESISTOR_2_R0402_0,0,,R0402,3185.00,2370.00,0.000,NO
R30,0OHM402_RESISTOR_2_R0402_NOP,NOP,,R0402,3185.00,2260.00,0.000,YES
R31,0OHM402_RESISTOR_2_R0402_0,0,,R0402,3185.00,2370.00,180.000,YES
R32,R_R0402_10K,10k,,R0402,2760.00,1715.00,90.000,YES
R33,R_R0402_10K,10k,,R0402,2820.00,2715.00,270.000,YES
R34,R_R0402_10K,10k,,R0402,2740.00,2715.00,270.000,YES
R35,R_R0402_10K,10k,,R0402,2780.00,2715.00,270.000,YES
R36,R_0_R0402_22,22,,R0402,2725.00,1755.00,270.000,YES
R37,R_0_R0402_22,22,,R0402,2885.00,1735.00,270.000,YES
R38,R_0_R0402_22,22,,R0402,2160.00,2325.00,180.000,YES
R39,R_0_R0402_22,22,,R0402,2920.00,1735.00,270.000,YES
R40,R_0_R0402_22,22,,R0402,2160.00,2360.00,180.000,YES
R41,R_0_R0402_22,22,,R0402,2640.00,1755.00,270.000,YES
R42,R_0_R0402_22,22,,R0402,2160.00,2290.00,180.000,YES
R43,R_0_R0402_22,22,,R0402,2680.00,1755.00,270.000,YES
R44,R_0_R0402_22,22,,R0402,2245.00,2395.00,180.000,YES
R45,R_0_R0402_22,22,,R0402,2265.00,2140.00,180.000,YES
R46,R_0_R0402_22,22,,R0402,2265.00,2180.00,180.000,YES
R47,R_0_R0402_22,22,,R0402,2860.00,2600.00,90.000,YES
R48,R_0_R0402_22,22,,R0402,2820.00,2600.00,90.000,YES
R49,R_0_R0402_22,22,,R0402,2740.00,2600.00,90.000,YES
R50,R_0_R0402_22,22,,R0402,2780.00,2600.00,90.000,YES
R51,R_R0402_10K,10k,,R0402,2160.00,2325.00,0.000,NO
R52,R_R0402_10K,10k,,R0402,2160.00,2360.00,0.000,NO
R53,R_R0402_10K,10k,,R0402,2160.00,2290.00,0.000,NO
R55,R_R0402_10K,10k,,R0402,2405.00,2765.00,270.000,NO
R56,R_R0402_10K,10k,,R0402,2475.00,2765.00,270.000,NO
R57,R_R0402_10K,10k,,R0402,2580.00,2765.00,270.000,NO
R58,R_R0402_10K,10k,,R0402,3010.00,2705.00,270.000,NO
R59,R_R0402_10K,10k,,R0402,2705.00,1445.00,270.000,YES
R60,R_R0402_10K,10k,,R0402,2439.00,1625.00,270.000,YES
R61,RESISTOR_R0402_22,22,,R0402,2445.00,2625.00,270.000,NO
R71,R_R0402_10K,10k,,R0402,3060.00,2145.00,0.000,YES
R72,R_R0402_10K,10k,,R0402,3220.00,1790.00,270.000,NO
R78,RESISTOR_R0402_22,22,,R0402,1990.00,2440.00,180.000,NO
R79,RESISTOR_R0402_22,22,,R0402,1850.00,2475.00,180.000,NO
R80,RESISTOR_R0402_22,22,,R0402,1850.00,2300.00,180.000,NO
R81,R_R0402_10K,10k,,R0402,3300.00,1555.00,90.000,NO
R82,R_R0402_10K,10k,,R0402,2940.00,2705.00,270.000,NO
R83,R_R0402_10K,10k,,R0402,2359.00,1625.00,270.000,YES
R84,R_R0402_10K,10k,,R0402,2399.00,1625.00,270.000,YES
R87,RESISTOR_R0402_0,0,,R0402,1990.00,2755.00,180.000,NO
R88,RESISTOR_R0402_0,0,,R0402,1990.00,2580.00,180.000,NO
R89,RESISTOR_R0402_0,0,,R0402,2145.00,1780.00,180.000,NO
R90,RESISTOR_R0402_0,0,,R0402,2585.00,2625.00,90.000,NO
R91,R_R0402_10K,10k,,R0402,2145.00,1780.00,180.000,YES
R92,R_R0402_10K,10k,,R0402,1990.00,2615.00,0.000,NO
R93,RESISTOR_R0402_22,22,,R0402,3245.00,1555.00,90.000,NO
R94,RESISTOR_R0402_0,0,,R0402,1990.00,2685.00,180.000,NO
R96,RESISTOR_R0402_0,0,,R0402,1850.00,2510.00,180.000,NO
R97,RESISTOR_R0402_22,22,,R0402,2975.00,2705.00,270.000,NO
R98,RESISTOR_R0402_0,0,,R0402,1990.00,2300.00,180.000,NO
R100,RESISTOR_R0402_0,0,,R0402,1990.00,2370.00,180.000,NO
R102,RESISTOR_R0402_0,0,,R0402,2130.00,2510.00,180.000,NO
R104,RESISTOR_R0402_0,0,,R0402,1990.00,2510.00,180.000,NO
R106,RESISTOR_R0402_0,0,,R0402,1850.00,2370.00,180.000,NO
R108,RESISTOR_R0402_0,0,,R0402,1850.00,2405.00,180.000,NO
R121,R_R0402_0,0,,R0402,3055.00,2050.00,90.000,YES
R122,RESISTOR_R0402_100,100,,R0402,1995.00,1740.00,180.000,YES
R123,RESISTOR_R0402_100,100,,R0402,1995.00,1775.00,180.000,YES
R124,RESISTOR_R0402_0,0,,R0402,1995.00,1740.00,0.000,NO
R125,RESISTOR_R0402_0,0,,R0402,1995.00,1775.00,0.000,NO
R126,R_R0402_10K,10k,,R0402,2195.00,2730.00,0.000,NO
R127,R_R0402_10K,10k,,R0402,2255.00,2655.00,270.000,NO
R128,R_R0402_10K,10k,,R0402,2290.00,2655.00,270.000,NO
R129,RESISTOR_R0402_0,0,,R0402,3012.00,1855.00,180.000,YES
R130,RESISTOR_R0402_0,0,,R0402,2265.00,2220.00,0.000,YES
R131,RESISTOR_R0402_1K,1k,,R0402,2075.00,2365.00,90.000,YES
R132,R_R0402_100,100,,R0402,2340.00,2650.00,270.000,YES
R133,R_2_R0402_0,0,,R0402,2917.00,1923.00,90.000,YES
R134,R_2_R0402_0,0,,R0402,1245.00,3500.00,0.000,NO
R135,R_R0402_2.2K,2.2K,,R0402,2005.00,3455.00,0.000,YES
R136,R_2_R0402_NOP,NOP,,R0402,1965.00,3615.00,0.000,YES
R137,R_2_R0402_0,0,,R0402,1965.00,3615.00,180.000,NO
R138,R_R0402_100,100,,R0402,445.00,3395.00,180.000,YES
R139,RESISTOR_R0402_500,500,,R0402,1178.00,3694.00,0.000,NO
R140,RESISTOR_R2512_0.02,0.02,,R2512,3495.00,1940.00,180.000,NO
R141,RESISTOR_R2512_0.02,0.02,,R2512,3495.00,1750.00,0.000,YES
R142,RESISTOR_R2512_0.02,0.02,,R2512,3460.00,2145.00,180.000,NO
R143,RESISTOR_R2512_0.02,0.02,,R2512,1925.00,1995.00,90.000,NO
R144,RESISTOR_R2512_0.02,0.02,,R2512,3395.00,2495.00,0.000,YES
R145,RESISTOR_R0402_0,0,,R0402,665.00,1350.00,90.000,YES
R146,R_R0402_2.2K,2.2K,,R0402,2180.60,2612.30,225.000,YES
R147,R_R0402_2.2K,2.2K,,R0402,2670.00,2620.00,0.000,YES
R148,R_R0603_THERMAL RESISTOR,Thermal Resistor,,R0603,2935.00,120.00,0.000,NO
R149,R_R0402_2.2K,2.2K,,R0402,3124.40,2607.00,135.000,YES
R150,R_R0402_2.2K,2.2K,,R0402,3115.30,1670.60,45.000,YES
R151,R_R0402_100K,100K,,R0402,2970.00,205.00,90.000,NO
R152,R_R0402_2.2K,2.2K,,R0402,2631.00,1656.00,180.000,YES
R153,R_R0402_2.2K,2.2K,,R0402,2173.50,1669.70,135.000,YES
R154,R_R0402_2.2K,2.2K,,R0402,2135.00,2080.00,180.000,NO
R155,R_R0402_4.99K,4.99k,,R0402,2360.00,245.00,90.000,NO
R156,R_R0402_2.2K,2.2K,,R0402,3260.00,2155.00,90.000,NO
R157,R_R0402_10K,10k,,R0402,2950.00,330.00,180.000,NO
R158,R_R0402_0,0,,R0402,2950.00,365.00,180.000,NO
R159,R_0_R0402_100K,100K,,R0402,2885.00,3930.00,270.000,YES
R160,R_0_R0402_20K,20K,,R0402,2850.00,3930.00,90.000,YES
R161,R_0_R0402_22,22,,R0402,2845.00,4045.00,270.000,NO
R162,R_0_R0402_22,22,,R0402,2890.00,4045.00,270.000,NO
R163,R_0_R0402_15K,15K,,R0402,2890.00,4045.00,90.000,YES
R164,R_0_R0402_15K,15K,,R0402,2845.00,4045.00,90.000,YES
R165,R_R0402_1M,1M,,R0402,3135.00,4195.00,270.000,NO
R166,R_R0402_100K,100K,,R0402,1445.00,4175.00,90.000,NO
R168,R_R0402_10K,10k,,R0402,1545.00,3735.00,90.000,NO
R169,R_R0402_NOP,NOP,,R0402,1500.00,3735.00,270.000,NO
R171,R_0_R0402_22,22,,R0402,1640.00,3780.00,180.000,NO
R173,R_0_R0402_22,22,,R0402,1640.00,3820.00,180.000,NO
R177,R_0_R0402_1.5K,1.5K,,R0402,1640.00,3860.00,180.000,YES
R178,R_R0402_1M,1M,,R0402,1900.00,4325.00,270.000,YES
R180,R_0_R0402_NOP,NOP,,R0402,1640.00,3820.00,0.000,YES
R181,R_0_R0402_NOP,NOP,,R0402,1640.00,3780.00,0.000,YES
R182,R_R0402_0,0,,R0402,1350.00,3965.00,180.000,NO
R183,R_R0402_NOP,NOP,,R0402,1350.00,3965.00,0.000,YES
R184,R_0_R0402_100K,100K,,R0402,1830.00,3960.00,270.000,YES
R187,R_0_R0402_20K,20K,,R0402,1725.00,4030.00,90.000,YES
R188,R_R0402_1M,1M,,R0402,1950.00,4205.00,180.000,NO
R189,R_R0402_1.5K,1.5K,,R0402,2140.00,3730.00,90.000,YES
R190,R_R0402_0,0,,R0402,2255.00,3720.00,180.000,YES
R193,R_R0402_NOP,NOP,,R0402,2230.00,3635.00,270.000,YES
R194,R_R0402_2.2K,2.2K,,R0402,2020.00,3725.00,180.000,NO
R195,R_R0402_2.2K,2.2K,,R0402,1935.00,3960.00,90.000,YES
R196,R_R0402_360,360,,R0402,2760.00,4660.00,90.000,NO
R197,R_R0402_2.2K,2.2K,,R0402,2255.00,3755.00,180.000,YES
R199,R_R0402_4.87K, 1%,4.87K, 1%,,R0402,2275.00,3975.00,90.000,NO
R200,R_R0402_2.2K,2.2K,,R0402,2265.00,3635.00,270.000,YES
R201,R_R0402_49.9 1%,49.9 1%,,R0402,2315.00,3975.00,270.000,NO
R202,R_R0402_49.9 1%,49.9 1%,,R0402,2355.00,3975.00,270.000,NO
R203,R_R0402_49.9 1%,49.9 1%,,R0402,2435.00,3975.00,270.000,NO
R204,R_R0402_49.9 1%,49.9 1%,,R0402,2395.00,3975.00,270.000,NO
R205,R_R0402_2.2K,2.2K,,R0402,2300.00,3635.00,270.000,YES
R206,R_R0402_2.2K,2.2K,,R0402,2030.00,3860.00,180.000,NO
R207,R_R0402_10K,10k,,R0402,2585.00,3705.00,0.000,NO
R208,R_R0402_360,360,,R0402,2020.00,4635.00,270.000,NO
R209,R_R0402_2.2K,2.2K,,R0402,2585.00,3670.00,0.000,NO
R210,R_R0402_0,0,,R0402,2765.00,4250.00,270.000,NO
R211,R_R0402_NOP,NOP,,R0402,2000.00,100.00,270.000,YES
R212,R_R0402_10K,10k,,R0402,1950.00,100.00,90.000,YES
R213,R_R0402_62,62,,R0402,1970.00,215.00,270.000,YES
R214,R_R0402_62,62,,R0402,1900.00,215.00,90.000,YES
R215,R_R0402_NOP,NOP,,R0402,3355.00,100.00,270.000,YES
R216,R_R0402_10K,10k,,R0402,3305.00,100.00,90.000,YES
R217,R_R0402_62,62,,R0402,3330.00,215.00,270.000,YES
R218,R_R0402_62,62,,R0402,3255.00,215.00,90.000,YES
R219,R_R0402_0,0,,R0402,640.00,4130.00,180.000,YES
R220,R_R0402_10K,10k,,R0402,915.00,3810.00,90.000,YES
R221,RESISTOR_1_R0402_22,22,,R0402,640.00,4030.00,0.000,YES
R222,RESISTOR_1_R0402_22,22,,R0402,640.00,3930.00,0.000,YES
R223,RESISTOR_1_R0402_22,22,,R0402,640.00,3830.00,0.000,YES
R224,RESISTOR_1_R0402_22,22,,R0402,640.00,3730.00,0.000,YES
R225,RESISTOR_1_R0402_22,22,,R0402,2553.00,2456.00,90.000,YES
R226,RESISTOR_1_R0402_22,22,,R0402,2506.00,2456.00,90.000,YES
R227,RESISTOR_1_R0402_22,22,,R0402,640.00,3430.00,0.000,YES
R228,RESISTOR_1_R0402_NOP,NOP,,R0402,640.00,3480.00,0.000,YES
R229,RESISTOR_1_R0402_NOP,NOP,,R0402,640.00,3580.00,0.000,YES
R230,RESISTOR_1_R0402_NOP,NOP,,R0402,640.00,3680.00,0.000,YES
R231,RESISTOR_1_R0402_NOP,NOP,,R0402,640.00,3780.00,0.000,YES
R232,RESISTOR_1_R0402_NOP,NOP,,R0402,640.00,3880.00,0.000,YES
R233,RESISTOR_1_R0402_NOP,NOP,,R0402,640.00,3980.00,0.000,YES
R234,R_R0402_10K,10k,,R0402,1930.00,810.00,180.000,YES
R235,R_0_R0402_0,0,,R0402,1035.00,3445.00,270.000,YES
R236,R_R0402_220,220,,R0402,1110.00,3445.00,90.000,YES
R237,R_R0402_1K,1K,,R0402,1800.00,2825.00,0.000,YES
R238,R_R0603_12K, 1%,12K, 1%,,R0603,1490.00,2995.00,0.000,YES
R239,R_R0402_1K,1K,,R0402,1690.00,2720.00,270.000,YES
R240,R_R0402_1K,1K,,R0402,1730.00,2720.00,270.000,YES
R241,R_R0402_1K,1K,,R0402,1800.00,2790.00,0.000,YES
R242,R_R0402_2.2K,2.2K,,R0402,1370.00,2805.00,270.000,YES
R243,R_R0402_2.2K,2.2K,,R0402,1400.00,3335.00,270.000,YES
R244,R_R0402_2.2K,2.2K,,R0402,1450.00,3335.00,270.000,YES
R245,R_R0402_2.2K,2.2K,,R0402,1525.00,3360.00,0.000,YES
R246,R_R0402_0,0,,R0402,1815.00,2945.00,90.000,YES
R247,R_R0402_2.2K,2.2K,,R0402,1525.00,3315.00,0.000,YES
R248,R_R0402_360,360,,R0402,1066.00,4080.00,180.000,YES
R249,R_R0402_360,360,,R0402,991.00,4080.00,180.000,YES
R250,R_R0402_360,360,,R0402,1690.00,3380.00,0.000,YES
R251,R_R0402_22,22,,R0402,1583.00,2184.00,270.000,NO
R252,R_R0402_22,22,,R0402,1625.00,2185.00,270.000,NO
R253,R_R0402_22,22,,R0402,1695.00,2185.00,270.000,NO
R254,R_R0402_22,22,,R0402,1660.00,2185.00,270.000,NO
R255,R_R0402_22,22,,R0402,1550.00,2184.00,270.000,NO
R256,R_R0402_0,0,,R0402,302.00,4469.00,270.000,NO
R257,RESISTOR_1_R0402_22,22,,R0402,1179.00,3745.00,0.000,NO
R260,R_R0402_22,22,,R0402,1250.00,2285.00,180.000,NO
R261,R_R0402_360,360,,R0402,1250.00,2320.00,180.000,NO
R262,R_R0402_22,22,,R0402,1250.00,2360.00,180.000,NO
R263,R_R0402_22,22,,R0402,1255.00,2435.00,90.000,NO
R264,R_R0402_5.1K,5.1K,,R0402,1115.00,2575.00,180.000,YES
R265,R_R0402_120K,120K,,R0402,1225.00,2580.00,270.000,YES
R266,R_R0402_120K,120K,,R0402,1115.00,2540.00,0.000,YES
R267,R_R0402_120K,120K,,R0402,1225.00,2490.00,270.000,YES
R268,R_R0402_10K,10k,,R0402,270.00,3815.00,180.000,NO
R271,R_R0402_22,22,,R0402,270.00,3860.00,0.000,NO
R273,R_R0402_10K,10k,,R0402,1281.00,4087.00,0.000,NO
R274,R_R0402_10K,10k,,R0402,1281.00,4045.00,0.000,NO
R275,R_R0402_10K,10k,,R0402,1150.00,3792.00,180.000,YES
R276,R_R0402_2.2K,2.2K,,R0402,500.00,4090.00,270.000,YES
R279,R_R0402_0,0,,R0402,460.00,4090.00,90.000,YES
R282,R_1_R0402_25.2K,25.2K,,R0402,440.00,3815.00,0.000,YES
R283,R_R0402_10K,10k,,R0402,440.00,3815.00,180.000,NO
R284,R_R0402_10K,10k,,R0402,375.00,4145.00,270.000,YES
R285,R_R0402_2.2K,2.2K,,R0402,255.00,4270.00,0.000,YES
R286,R_R0402_10K,10k,,R0402,255.00,4270.00,0.000,NO
R287,R_R0402_10K,10k,,R0402,270.00,4045.00,180.000,NO
R288,R_R0402_22,22,,R0402,270.00,4090.00,0.000,NO
R290,RESISTOR_R0402_1K,1k,,R0402,3775.00,2860.00,270.000,NO
R291,RESISTOR_R0402_0,0,,R0402,3740.00,2575.00,180.000,YES
R292,RESISTOR_R0402_NOP,NOP,,R0402,3775.00,2860.00,270.000,YES
R293,RESISTOR_R0402_NOP,NOP,,R0402,3835.00,2575.00,0.000,NO
R294,R_0_R0402_1K,1K,,R0402,4260.00,4085.00,0.000,YES
R295,R_0_R0402_1K,1K,,R0402,4105.00,4185.00,180.000,YES
R296,R_R0402_1.5K,1.5K,,R0402,4230.00,4285.00,0.000,YES
R297,R_R0402_560,560,,R0402,4235.00,4185.00,0.000,YES
R299,RESISTOR_R1206_113, 1%,113, 1%,,R1206,3380.00,3155.00,180.000,YES
R300,RESISTOR_R0603_294, 1%,294, 1%,,R0603,3530.00,2950.00,270.000,NO
R301,RESISTOR_R0603_340, 1%,340, 1%,,R0603,3515.00,3125.00,90.000,YES
R302,RESISTOR_R0603_10K,10K,,R0603,4245.00,4385.00,0.000,YES
R303,RESISTOR_R0603_5.90K, 1%,5.90K, 1%,,R0603,3250.00,3740.00,270.000,NO
R304,R_R0402_NOP,NOP,,R0402,3290.00,3995.00,90.000,YES
R305,RESISTOR_R0603_7.5K, 1%,7.5K, 1%,,R0603,3480.00,3740.00,90.000,NO
R306,RESISTOR_R0603_4.64K, 1%,4.64K, 1%,,R0603,3500.00,3575.00,180.000,YES
R307,RESISTOR_R0603_1K, 1%,1K, 1%,,R0603,3405.00,3740.00,90.000,NO
R308,RESISTOR_R0402_1K,1k,,R0402,2725.00,3585.00,90.000,YES
R310,R_0_R0402_4.7K,4.7K,,R0402,1316.00,3783.00,180.000,NO
R311,R_0_R0402_0,0,,R0402,3060.00,2940.00,270.000,NO
R312,R_R0402_100K,100K,,R0402,2000.00,3195.00,0.000,YES
R313,R_R0402_NOP,NOP,,R0402,1425.00,3655.00,0.000,NO
R314,R_0_R0402_10K,10K,,R0402,1324.00,3570.00,270.000,NO
R349,RESISTOR_R0402_22,22,,R0402,1995.00,1665.00,180.000,NO
R362,R_0_R0402_22,22,,R0402,1615.00,1755.00,0.000,NO
R363,R_0_R0402_22,22,,R0402,1770.00,3540.00,90.000,NO
R364,R_0_R0402_22,22,,R0402,1675.00,3530.00,90.000,NO
R365,R_0_R0402_22,22,,R0402,1820.00,3540.00,90.000,NO
R366,R_0_R0402_22,22,,R0402,1355.00,3830.00,0.000,NO
R367,R_0_R0402_22,22,,R0402,1355.00,3875.00,0.000,NO
R368,R_0_R0402_22,22,,R0402,1355.00,3920.00,0.000,NO
R369,R_0_R0402_22,22,,R0402,2575.00,2940.00,270.000,NO
R370,R_0_R0402_22,22,,R0402,2655.00,2940.00,270.000,NO
R371,R_0_R0402_22,22,,R0402,2615.00,3245.00,0.000,NO
R372,R_0_R0402_22,22,,R0402,3000.00,2945.00,270.000,NO
R373,R_0_R0402_22,22,,R0402,2295.00,3380.00,90.000,NO
R374,R_0_R0402_22,22,,R0402,2340.00,3380.00,90.000,NO
R375,R_0_R0402_22,22,,R0402,2385.00,3380.00,90.000,NO
R376,R_0_R0402_22,22,,R0402,2430.00,3380.00,90.000,NO
R377,R_0_R0402_22,22,,R0402,2200.00,3380.00,90.000,NO
R378,R_0_R0402_22,22,,R0402,2585.00,3575.00,180.000,NO
R379,R_0_R0402_22,22,,R0402,1970.00,2875.00,180.000,YES
R380,R_0_R0402_22,22,,R0402,2210.00,2865.00,180.000,YES
R382,R_R0402_10K,10k,,R0402,2975.00,1075.00,180.000,NO
R383,R_R0402_10K,10k,,R0402,2975.00,1005.00,180.000,NO
R384,R_R0402_10K,10k,,R0402,2975.00,970.00,180.000,NO
R385,R_R0402_10K,10k,,R0402,2975.00,1040.00,0.000,NO
R386,R_R0402_10K,10k,,R0402,2975.00,930.00,0.000,NO
R387,R_R0402_1K,1K,,R0402,3310.00,940.00,270.000,NO
R435,R_R0402_1K,1K,,R0402,2045.00,3345.00,90.000,NO
RN1,R_PAK8_EXB-2HVS_R_PAK8,R_Pak8,,EXB-2HVS,2395.00,1445.00,180.000,YES
RN2,R_PAK8_EXB-2HVS_R_PAK8,R_Pak8,,EXB-2HVS,2225.00,1445.00,180.000,YES
RN3,R_PAK8_EXB-2HVS_R_PAK8,R_Pak8,,EXB-2HVS,1755.00,1780.00,180.000,YES
RN10,RESISTOR DIP 8_0_EXB-2HVS_R_PAK,R_Pak8,,EXB-2HVS,2825.00,1355.00,90.000,NO
RN11,RESISTOR DIP 8_0_EXB-2HVS_R_PAK,R_Pak8,,EXB-2HVS,2575.00,1355.00,90.000,NO
RN18,RPACK4_EXB-28VS_RPACK4-10K,RPACK4-10K,,EXB-28VS,740.00,380.00,270.000,YES
RN19,RPACK4_EXB-28VS_RPACK4-1K,RPACK4-1K,,EXB-28VS,685.00,175.00,0.000,YES
RN25,RPACK4_EXB-28VS_RPACK4-0,RPACK4-0,,EXB-28VS,1595.00,1925.00,0.000,YES
S1,SW PUSHBUTTON_SW-SMT2_PUSH BUTT,Push Button,,SW-SMT2,2675.00,260.00,270.000,NO
S2,DIP_SWITCH_4_DIP_SWITCH_4_DIP_S,DIP_SWITCH_4,,DIP_SWITCH_4,730.00,175.00,0.000,NO
S3,SW PUSHBUTTON_SW-SMT2_WARM_RESE,WARM_RESET Button,,SW-SMT2,115.00,3860.00,0.000,NO
S4,SW PUSHBUTTON_SW-SMT2_POR_RESET,POR_RESET Button,,SW-SMT2,115.00,4090.00,0.000,NO
T1,2N6756_0_SOT23_IRLML6302,IRLML6302,,SOT23,445.00,3440.00,180.000,NO
TP1,TESTPOINT1_TP1-6040_TESTPOINT1,TestPoint1,,TP1-6040,3225.00,1690.00,90.000,NO
TP2,TESTPOINT1_TP1-6040_TESTPOINT1,TestPoint1,,TP1-6040,2500.00,1565.00,90.000,NO
TP3,TESTPOINT1_TP1-6040_TESTPOINT1,TestPoint1,,TP1-6040,2500.00,1640.00,90.000,NO
TP4,TESTPOINT1_TP1-6040_TESTPOINT1,TestPoint1,,TP1-6040,4125.00,470.00,0.000,NO
TP5,TESTPOINT1_TP1-6040_TESTPOINT1,TestPoint1,,TP1-6040,3860.00,4715.00,0.000,NO
TP6,TESTPOINT1_TP1-6040_TESTPOINT1,TestPoint1,,TP1-6040,225.00,475.00,0.000,NO
TP7,TESTPOINT1_TP1-6040_TESTPOINT1,TestPoint1,,TP1-6040,400.00,3595.00,0.000,NO
TP8,TESTPOINT1_TP1-6040_TESTPOINT1,TestPoint1,,TP1-6040,2125.00,3965.00,0.000,NO
TP9,TESTPOINT1_TP1-6040_TESTPOINT1,TestPoint1,,TP1-6040,1135.00,2170.00,0.000,NO
TP10,TESTPOINT1_TP1-6040_TESTPOINT1,TestPoint1,,TP1-6040,1135.00,2260.00,0.000,NO
TP11,TESTPOINT1_TP1-6040_TESTPOINT1,TestPoint1,,TP1-6040,3180.00,4775.00,0.000,NO
TP12,TESTPOINT1_TP1-6040_TESTPOINT1,TestPoint1,,TP1-6040,3260.00,3570.00,0.000,NO
TP14,TESTPOINT1_TP1-6040_TESTPOINT1,TestPoint1,,TP1-6040,3710.00,1940.00,0.000,NO
TP15,TESTPOINT1_TP1-6040_TESTPOINT1,TestPoint1,,TP1-6040,3275.00,1940.00,0.000,NO
TP16,TESTPOINT1_TP1-6040_TESTPOINT1,TestPoint1,,TP1-6040,3705.00,1750.00,0.000,NO
TP17,TESTPOINT1_TP1-6040_TESTPOINT1,TestPoint1,,TP1-6040,3285.00,1750.00,0.000,NO
TP18,TESTPOINT1_TP1-6040_TESTPOINT1,TestPoint1,,TP1-6040,3680.00,2125.00,0.000,NO
TP19,TESTPOINT1_TP1-6040_TESTPOINT1,TestPoint1,,TP1-6040,3270.00,2240.00,0.000,NO
TP20,TESTPOINT1_TP1-6040_TESTPOINT1,TestPoint1,,TP1-6040,1925.00,2205.00,0.000,NO
TP21,TESTPOINT1_TP1-6040_TESTPOINT1,TestPoint1,,TP1-6040,1905.00,1770.00,0.000,NO
TP22,TESTPOINT1_TP1-6040_TESTPOINT1,TestPoint1,,TP1-6040,3185.00,2495.00,0.000,NO
TP23,TESTPOINT1_TP1-6040_TESTPOINT1,TestPoint1,,TP1-6040,3605.00,2495.00,0.000,NO
U1,TMS570LS30336U_BGA337_19_BGA337,TMS570LS3x,,BGA337,2650.00,2140.00,90.000,NO
U2,SN74LVC1G07DCK_SC70-5_SN74LVC1G,SN74LVC1G07DCK,,SC70-5,1240.00,3485.00,270.000,YES
U8,IS42S16400F-7BL_54FBGA_IS42S164,IS42S16400F-7BL,,54FBGA,2705.00,980.00,180.000,NO
U9,TEMT6000_4MML2MMW_TEMT6000,TEMT6000,,4MML2MMW,2220.00,225.00,0.000,NO
U10,SN74CBT16214DGGR_TSSOP56_SN74CB,SN74CBT16214DGGR,,TSSOP56,2215.00,3040.00,0.000,NO
U12,TPS2552DBV_SOT-23-6_TPS2552DBV,TPS2552DBV,,SOT-23-6,2848.30,3894.30,0.000,NO
U13,TUSB1105RGT_QFN-RGT_TUSB1105RGT,TUSB1105RGT,,QFN-RGT,1750.00,3675.00,90.000,NO
U15,TUSB1105RGT_QFN-RGT_TUSB1105RGT,TUSB1105RGT,,QFN-RGT,1495.00,3890.00,0.000,NO
U18,TPS2552DBV_SOT-23-6_NOP,NOP,,SOT-23-6,1712.70,3984.30,0.000,NO
U19,SN74CBTLV3257RGYR_16QFN_SN74CBT,SN74CBTLV3257RGYR,,16QFN,3050.00,3100.00,0.000,NO
U20,DP83640_0_48LQFP_DP83640,DP83640,,48LQFP,2310.00,3695.00,180.000,NO
U21,SN65HVDA540_8SOIC_SN65HVDA541,SN65HVDA541,,8SOIC,1925.00,210.00,180.000,NO
U22,SN65HVDA540_8SOIC_SN65HVDA541,SN65HVDA541,,8SOIC,3280.00,210.00,180.000,NO
U24,SN74AHC1G14_SC70-5_SN74AHC1G14,SN74AHC1G14,,SC70-5,1070.00,3485.00,270.000,NO
U25,TPS71718_TI_SON6-PWP_TPS73433,TPS73433,,TI_SON6-PWP,1285.00,4270.00,90.000,NO
U26,TPDE0001RSE_0_SOT5_TPD2E001,TPD2E001,,SOT5,1100.00,4250.00,180.000,NO
U27,FT2232HQ_3_64LQFP_FT2232HL,FT2232HL,,64LQFP,1575.00,2945.00,0.000,NO
U28,93C46_8SOIC_93LC56C,93LC56C,,8SOIC,1475.00,3445.00,0.000,NO
U29,XC2C32A_CP56_CFG56_XC2C32A_CPG5,XC2C32A_CPG56,,CFG56,1475.00,2390.00,180.000,NO
U30,LMV341IDCKR_DCK_SC70_LMV341IDCK,LMV341IDCKR,,DCK_SC70,1165.00,2540.00,270.000,NO
U32,SN74LVC3G07_VSSOP8_SN74LVC3G07,SN74LVC3G07,,VSSOP8,1120.00,3935.00,180.000,NO
U33,TPS3808G09DBVR_SOT-23-6_TPS3808,TPS3808G09DBVR,,SOT-23-6,420.00,3950.00,180.000,NO
U34,TPS3808G09DBVR_SOT-23-6_TPS3808,TPS3808G09DBVR,,SOT-23-6,415.00,4190.00,0.000,NO
U35,TPS73701DRB_DRB_SON8_TPS73701DR,TPS73701DRB,,DRB_SON8,3760.00,2725.00,0.000,NO
U36,REG1117_SOT-223_REG1117,REG1117,,SOT-223,3315.00,3020.00,180.000,NO
U37,TPS54350PWP_4_PSOP16T_TPS54350P,TPS54350PWP,,PSOP16T,3410.00,3990.00,270.000,NO
U39,TPS73701DRB_DRB_SON8_TPS73733QD,TPS73733QDRBRQ1,,DRB_SON8,2685.00,3440.00,0.000,NO
U41,SN74CBTLV3257RGYR_16QFN_SN74CBT,SN74CBTLV3257RGYR,,16QFN,2625.00,3100.00,0.000,NO
U42,SN74CBTLV3257RGYR_16QFN_SN74CBT,SN74CBTLV3257RGYR,,16QFN,2840.00,3100.00,0.000,NO
U43,SN74CBTLV3257RGYR_VQFN16_SN74CB,SN74CBTLV3257RGYR,,VQFN16,1475.00,1930.00,0.000,NO
U44,SN74CBTLV3257RGYR_VQFN16_SN74CB,SN74CBTLV3257RGYR,,VQFN16,1475.00,1650.00,0.000,NO
U45,SN74CBTLV3257RGYR_VQFN16_SN74CB,SN74CBTLV3257RGYR,,VQFN16,1475.00,1380.00,0.000,NO
U46,SN74LVC1G08_SOT-553_SN74LVC1G08,SN74LVC1G08,,SOT-553,1295.00,1695.00,90.000,NO
U47,SN74CBTLV3245ARGY_RGY_QFN20_SN7,SN74CBTLV3245ARGY,,RGY_QFN20,3140.00,1035.00,90.000,NO
Y1,CRYSTAL_SMD2_16 MHZ,16 MHz,,SMD2,2820.00,1580.00,0.000,NO
Y2,ESC-120-20-30B_ABM8G-SMT4_ABM8G,ABM8G-12.000MHZ-B4Y-T,,ABM8G-SMT4,1185.00,3060.00,270.000,NO
Y3,CB3LV-3C-25M0000_ASEM-SMT4_ASEM,ASEM1-25.000MHZ-LC-T,,ASEM-SMT4,1950.00,3510.00,90.000,NO
