(---------------------------------------------------------------------)
(                                                                     )
(    Dangling Line, Via and Antenna Report                            )
(                                                                     )
(    Drawing          : tms570_hdk_reve.brd                           )
(    Software Version : 16.3p006                                      )
(    Date/Time        : Sun Jan 22 16:29:38 2012                      )
(                                                                     )
(---------------------------------------------------------------------)


Report methodology:
  - Dangling lines have at least one end not connected.
  - Dangling vias have one or no connection
      - Plus are not a testvia or a thieving via.
  - Antenna vias do not have connections on their start and end layers.
      - Plus they are not a thieving vias.
      - Optionally, VOLTAGE nets, testvias and through vias can be suppressed with
        the environment variable report_antennavia.
      - Section may be suppressed by variable report_noantennavia.
  - In all cases output is suppressed if an object has the OK_DANGLE
    property or is not part of the current partition.




<< Dangling Vias >>
  Net                  Padstack              Location
  --------------------------------------------------------------
  GND                  VIA20RD10            (943.12 1894.38)
  GND                  VIA20RD10            (927.68 1852.74)
  GND                  VIA20RD10            (905.00 1890.00)
  NHET100              VIA16RD8MASK         (2634.30 2439.20)
  DMMDATA5             VIA20RD10            (585.00 1330.00)
  N17011828            VIA20RD10            (3820.00 2610.00)
  N16405353            VIA16RD8MASK         (2594.80 932.80)
  Dummy Net            VIA16RD8MASK         (2854.70 2061.30)
  Dummy Net            VIA16RD8MASK         (2854.70 2029.80)
  Dummy Net            VIA16RD8MASK         (2854.70 1998.30)
  Dummy Net            VIA16RD8MASK         (2854.70 1966.80)
  Dummy Net            VIA16RD8MASK         (2791.70 1935.30)
  Dummy Net            VIA16RD8MASK         (2760.20 1935.30)
  Dummy Net            VIA16RD8MASK         (2728.70 1935.30)
  Dummy Net            VIA16RD8MASK         (2697.20 1935.30)
  Dummy Net            VIA16RD8MASK         (2634.30 1935.30)
  Dummy Net            VIA16RD8MASK         (2539.80 1935.30)
  Dummy Net            VIA16RD8MASK         (2508.30 1935.30)
  Dummy Net            VIA16RD8MASK         (2476.80 1935.30)
  Dummy Net            VIA16RD8MASK         (2760.20 2344.70)
  Dummy Net            VIA16RD8MASK         (2728.70 2344.70)
  Dummy Net            VIA16RD8MASK         (2697.20 2344.70)
  Dummy Net            VIA16RD8MASK         (2634.30 2344.70)
  Dummy Net            VIA16RD8MASK         (2445.30 2187.20)
  Dummy Net            VIA16RD8MASK         (2445.30 2218.70)
  Dummy Net            VIA16RD8MASK         (2445.30 2124.30)
  Dummy Net            VIA16RD8MASK         (2445.30 2250.20)
  Dummy Net            VIA16RD8MASK         (2445.30 1998.30)
  Dummy Net            VIA16RD8MASK         (2445.30 2092.80)
  Dummy Net            VIA16RD8MASK         (2445.30 2029.80)
  Dummy Net            VIA16RD8MASK         (2445.30 2061.30)
  Dummy Net            VIA20RD10            (1508.20 735.00)
  Dummy Net            VIA20RD10            (1860.00 1170.00)
  Dummy Net            VIA20RD10            (1861.80 1134.00)
  Dummy Net            VIA20RD10            (1861.80 735.00)
  Dummy Net            VIA20RD10            (1822.40 735.00)
  Dummy Net            VIA20RD10            (1507.20 770.00)
  Dummy Net            VIA20RD10            (1468.80 735.00)
  Dummy Net            VIA20RD10            (1467.80 770.00)
  Dummy Net            VIA20RD10            (1429.40 735.00)
  Dummy Net            VIA20RD10            (1428.40 770.00)
  Dummy Net            VIA20RD10            (1390.00 735.00)
  Dummy Net            VIA20RD10            (1355.00 770.00)
  Dummy Net            VIA16RD8MASK         (1505.63 2509.37)
  Dummy Net            VIA16RD8MASK         (1425.79 2274.37)
  Dummy Net            VIA16RD8MASK         (1505.63 2274.37)
  Dummy Net            VIA16RD8MASK         (1465.63 2509.37)
  Dummy Net            VIA16RD8MASK         (1465.63 2544.37)
  Dummy Net            VIA16RD8MASK         (1436.00 2459.00)
  Dummy Net            VIA16RD8MASK         (1360.00 2380.16)
  Dummy Net            VIA16RD8MASK         (1465.63 2239.37)
  Dummy Net            VIA16RD8MASK         (1425.63 2239.37)
  Dummy Net            VIA16RD8MASK         (1505.63 2239.37)
  Dummy Net            VIA20RD10            (1440.00 3620.00)
  Dummy Net            VIA20RD10            (1525.80 3225.00)
  Dummy Net            VIA20RD10            (2090.00 3645.80)
  Dummy Net            VIA20RD10            (2530.00 3785.00)
  Dummy Net            VIA20RD10            (2560.00 3785.00)
  Dummy Net            VIA20RD10            (2529.20 3744.20)
  Dummy Net            VIA20RD10            (2530.00 3825.00)
  Dummy Net            VIA20RD10            (2560.00 3745.00)
  Dummy Net            VIA20RD10            (2201.70 3475.00)
  Dummy Net            VIA20RD10            (2090.00 3586.70)
  Dummy Net            VIA20RD10            (2144.60 3839.60)
  Dummy Net            VIA20RD10            (2200.00 3925.00)
  Dummy Net            VIA20RD10            (2200.00 3955.00)
  Dummy Net            VIA20RD10            (2250.00 3925.00)
  Dummy Net            VIA16RD8MASK         (2980.70 2218.70)
  Dummy Net            VIA16RD8MASK         (2949.20 2218.70)
  Dummy Net            VIA16RD8MASK         (2823.20 1809.30)
  Dummy Net            VIA16RD8MASK         (2854.70 2250.20)
  Dummy Net            VIA16RD8MASK         (2854.70 2281.70)
  Dummy Net            VIA16RD8MASK         (2823.20 2281.70)
  Dummy Net            VIA16RD8MASK         (2823.20 2313.20)
  Dummy Net            VIA16RD8MASK         (2791.70 2313.20)
  Dummy Net            VIA16RD8MASK         (2791.70 2344.70)
  Dummy Net            VIA16RD8MASK         (2791.70 2376.20)
  Dummy Net            VIA16RD8MASK         (2980.70 1935.30)
  Dummy Net            VIA16RD8MASK         (2760.20 2439.20)
  Dummy Net            VIA16RD8MASK         (2886.20 1998.30)
  Dummy Net            VIA16RD8MASK         (2886.20 2029.80)
  Dummy Net            VIA16RD8MASK         (2886.20 2061.30)
  Dummy Net            VIA16RD8MASK         (2886.20 2092.80)
  Dummy Net            VIA16RD8MASK         (2854.70 2092.80)
  Dummy Net            VIA16RD8MASK         (2886.20 2124.30)
  Dummy Net            VIA16RD8MASK         (2854.70 2124.30)
  Dummy Net            VIA16RD8MASK         (2886.20 2187.20)
  Dummy Net            VIA16RD8MASK         (2886.20 2218.70)
  Dummy Net            VIA16RD8MASK         (3014.27 2195.44)
  Dummy Net            VIA16RD8MASK         (2854.70 2187.20)
  Dummy Net            VIA16RD8MASK         (2854.70 1840.80)
  Dummy Net            VIA16RD8MASK         (2854.70 1903.80)
  Dummy Net            VIA16RD8MASK         (2886.20 1903.80)
  Dummy Net            VIA16RD8MASK         (2949.20 1903.80)
  Dummy Net            VIA16RD8MASK         (2854.70 1935.30)
  Dummy Net            VIA16RD8MASK         (2886.20 1935.30)
  Dummy Net            VIA16RD8MASK         (2886.20 1966.80)
  Dummy Net            VIA16RD8MASK         (2949.20 2187.20)
  Dummy Net            VIA16RD8MASK         (2980.70 2250.20)
  Dummy Net            VIA20RD10            (1011.00 2225.00)
  Dummy Net            VIA20RD10            (1050.00 2275.00)
  Dummy Net            VIA20RD10            (1050.00 2325.00)
  Dummy Net            VIA20RD10            (1010.00 2325.00)
  Dummy Net            VIA20RD10            (1050.00 2575.00)
  Dummy Net            VIA20RD10            (625.00 2675.00)
  Dummy Net            VIA20RD10            (590.00 2575.00)
  Dummy Net            VIA20RD10            (590.00 2275.00)
  Dummy Net            VIA20RD10            (625.00 2225.00)
  Dummy Net            VIA16RD8MASK         (2815.20 964.30)


<< Antenna Vias >>
  Net                  Padstack              Location
  --------------------------------------------------------------
  XDS100_TRSTN         VIA16RD8MASK         (2445.30 2439.20)
  XDS100_TRSTN         VIA20RD10            (1595.00 3450.00)
  XDS100_TRSTN         VIA20RD10            (1404.00 3631.00)
  2MCU_TRSTN           VIA20RD10            (1900.00 735.00)
  2MCU_TRSTN           VIA20RD10            (1290.00 1915.00)
  2MCU_TRSTN           VIA20RD10            (560.00 3980.00)
  2MCU_TRSTN           VIA20RD10            (1201.50 2248.00)
  2MCU_TRSTN           VIA20RD10            (1110.00 3746.00)
  EMIFA5_ETMD8B        VIA20RD10            (2411.68 1545.79)
  EMIFA5_ETMD8B        VIA16RD8MASK         (2476.80 2092.80)
  EMIFA4_ETMD9B        VIA16RD8MASK         (2476.80 2061.30)
  EMIFA4_ETMD9B        VIA20RD10            (2459.77 1532.04)
  EMIFA3_ETMD10B       VIA16RD8MASK         (2476.80 2029.80)
  EMIFA3_ETMD10B       VIA20RD10            (2465.00 1490.00)
  EMIFA2_ETMD11B       VIA16RD8MASK         (2476.80 1998.30)
  EMIFA2_ETMD11B       VIA20RD10            (2505.00 1490.00)
  N18239450            VIA20RD10            (1360.00 1620.47)
  N18239450            VIA20RD10            (1360.00 1350.47)
  N16583392            VIA20RD10            (1888.00 2173.00)
  N16583392            VIA20RD10            (1960.00 2175.00)
  OHCI_OVRCURRENT1     VIA20RD10            (300.00 3620.00)
  OHCI_OVRCURRENT1     VIA20RD10            (1415.00 2035.00)
  OHCI_OVRCURRENT1     VIA20RD10            (440.00 3162.50)
  OHCI_PTRPOWER1       VIA20RD10            (1750.20 3895.00)
  OHCI_PTRPOWER1       VIA20RD10            (225.00 3600.00)
  OHCI_PTRPOWER1       VIA20RD10            (1530.00 2035.00)
  OHCI_PTRPOWER1       VIA20RD10            (395.00 3230.00)
  W2FC_VBUSI_OHCI_OVRCURRENT1 VIA20RD10            (440.00 3230.00)
  W2FC_VBUSI_OHCI_OVRCURRENT1 VIA20RD10            (140.00 3695.00)
  W2FC_VBUSI_OHCI_OVRCURRENT1 VIA20RD10            (1445.00 4120.00)
  OHCI_SPEED1          VIA20RD10            (1505.00 1815.00)
  OHCI_SPEED1          VIA20RD10            (1500.00 3680.00)
  GIOB3_W2FCRXDI       VIA20RD10            (1662.50 2895.00)
  GIOB3_W2FCRXDI       VIA16RD8MASK         (2980.70 2124.30)
  GIOB3_W2FCRXDI       VIA20RD10            (3022.50 2815.00)
  GIOB3_W2FCRXDI       VIA20RD10            (1725.00 1909.88)
  N18433413            VIA20RD10            (3030.00 930.00)
  USB_HOST1_ON         VIA20RD10            (1270.00 1425.00)
  USB_HOST1_ON         VIA20RD10            (1300.00 1745.00)
  N18167119            VIA20RD10            (1980.00 3065.00)
  MII_RX_CLK           VIA20RD10            (2230.00 3380.00)
  MII_RX_CLK           VIA20RD10            (2835.00 3390.00)
  MII_RX_DV            VIA20RD10            (2126.40 2835.00)
  MII_TX_CLK           VIA20RD10            (2605.00 3545.00)
  MII_TX_CLK           VIA20RD10            (2028.00 2835.00)
  MII_TX_CLK           VIA20RD10            (2335.00 3580.00)
  W2FC_SUSPENDO_OHCI_SUSPEND1 VIA20RD10            (1040.00 2840.00)
  W2FC_SUSPENDO_OHCI_SUSPEND1 VIA20RD10            (1090.00 1265.00)
  W2FC_SE0O_OHCI_TXSE01 VIA20RD10            (1555.00 3955.00)
  W2FC_SE0O_OHCI_TXSE01 VIA20RD10            (1400.00 1265.00)
  W2FC_TXDO_OHCI_TXDPLS1 VIA20RD10            (1610.00 1800.00)
  W2FC_TXDO_OHCI_TXDPLS1 VIA20RD10            (1580.00 3895.00)
  N18421390            VIA16RD8MASK         (2563.30 1058.70)
  N18421390            VIA20RD10            (2665.00 1265.00)
  N18421390            VIA20RD10            (3027.00 1075.00)
  N18421381            VIA16RD8MASK         (2783.70 1027.20)
  N18421381            VIA20RD10            (3027.00 1040.00)
  N18421378            VIA20RD10            (3030.00 1005.00)
  N18421378            VIA16RD8MASK         (2660.00 995.00)
  N18421375            VIA16RD8MASK         (2851.24 993.77)
  N18421375            VIA20RD10            (3030.00 970.79)
  N18120766            VIA20RD10            (2475.00 3555.00)
  N18279461            VIA20RD10            (2201.20 3445.00)
  N18279233            VIA20RD10            (2420.00 3480.10)
  N18279230            VIA20RD10            (2370.00 3475.00)
  N18279227            VIA20RD10            (2339.50 3475.00)
  MII_COL              VIA20RD10            (2315.00 2958.89)
  MII_COL              VIA20RD10            (2385.00 3635.00)
  N18279224            VIA20RD10            (2340.00 3445.00)
  MII_TXD2             VIA20RD10            (2165.00 2835.00)
  MII_TXD2             VIA20RD10            (2585.00 3645.00)
  MII_TXD3             VIA20RD10            (1920.00 2890.00)
  MII_TXD3             VIA20RD10            (2530.00 3670.00)
  N18057649            VIA16RD8MASK         (2413.80 2061.30)
  N18057649            VIA20RD10            (2295.49 1473.87)
  N18057653            VIA16RD8MASK         (2413.80 2218.70)
  N18057653            VIA20RD10            (2200.00 1890.00)
  N18057653            VIA20RD10            (1775.24 1674.77)
  N18057658            VIA20RD10            (1825.00 1830.00)
  N18057658            VIA16RD8MASK         (2413.80 2313.20)
  N18057658            VIA20RD10            (2060.00 1925.00)
  N18057655            VIA20RD10            (1825.00 1735.00)
  N18057655            VIA16RD8MASK         (2445.30 2281.70)
  N18057655            VIA20RD10            (2148.00 1875.00)
  N18057646            VIA16RD8MASK         (2413.80 1966.80)
  N18057646            VIA20RD10            (2295.00 1350.00)
  N18057645            VIA20RD10            (2055.02 1594.81)
  N18057645            VIA20RD10            (2245.00 1340.00)
  N18057660            VIA20RD10            (1784.70 1920.00)
  N18057660            VIA16RD8MASK         (2413.80 2376.20)
  N18057660            VIA20RD10            (2010.00 1935.00)
  N18057659            VIA16RD8MASK         (2413.80 2344.70)
  N18057659            VIA20RD10            (2050.00 1955.00)
  N18057659            VIA20RD10            (1817.50 1885.00)
  N18057657            VIA20RD10            (1825.00 1800.00)
  N18057657            VIA16RD8MASK         (2445.30 2313.20)
  N18057657            VIA20RD10            (2060.00 1875.00)
  N18057647            VIA20RD10            (2385.00 1775.00)
  N18057647            VIA20RD10            (2295.00 1400.00)
  N18057648            VIA20RD10            (2295.50 1435.00)
  N18057648            VIA20RD10            (2105.00 1730.00)
  N18057650            VIA16RD8MASK         (2413.80 2092.80)
  N18057650            VIA20RD10            (2295.00 1515.00)
  N18057652            VIA20RD10            (2254.70 1550.00)
  N18057652            VIA16RD8MASK         (2413.80 2187.20)
  N18057654            VIA20RD10            (1825.00 1685.00)
  N18057654            VIA20RD10            (2150.00 1925.00)
  N18057654            VIA16RD8MASK         (2413.80 2250.20)
  N18057640            VIA16RD8MASK         (2445.30 1966.80)
  N18057640            VIA20RD10            (2465.00 1425.00)
  N18057651            VIA16RD8MASK         (2413.80 2124.30)
  N18057651            VIA20RD10            (2295.00 1550.00)
  N18057656            VIA20RD10            (1825.00 1765.00)
  N18057656            VIA16RD8MASK         (2413.80 2281.70)
  N18057656            VIA20RD10            (2110.00 1925.00)
  N16456844            VIA20RD10            (2750.00 340.00)
  N16405397            VIA20RD10            (2505.00 900.00)
  N16405397            VIA16RD8MASK         (2594.80 869.80)
  ETHERNET_ON          VIA20RD10            (695.00 3180.00)
  MCU_TMS              VIA20RD10            (1287.68 3565.35)
  MCU_TMS              VIA20RD10            (1940.60 770.00)
  MCU_TMS              VIA20RD10            (751.22 3855.00)
  MCU_TMS              VIA16RD8MASK         (2413.63 2439.37)
  MCU_TMS              VIA20RD10            (1946.66 2482.59)
  MCU_TMS              VIA20RD10            (1319.00 1999.00)
  MCU_TCK              VIA20RD10            (1940.00 1170.00)
  MCU_TCK              VIA20RD10            (1275.00 2555.00)
  MCU_TCK              VIA20RD10            (560.00 3680.00)
  MCU_TCK              VIA20RD10            (1159.51 1185.00)
  MCU_TCK              VIA20RD10            (1793.00 2354.00)
  N16405357            VIA20RD10            (2795.00 1190.00)
  N16405357            VIA20RD10            (2880.00 1190.00)
  MCU_TDO              VIA20RD10            (2506.00 2510.50)
  MCU_TDO              VIA20RD10            (1310.00 2587.00)
  MCU_TDO              VIA20RD10            (1940.00 735.00)
  MCU_TDO              VIA20RD10            (1299.00 2086.00)
  MCU_TDO              VIA20RD10            (1150.00 3405.00)
  N16579445            VIA20RD10            (3385.00 2190.00)
  N16579445            VIA16RD8MASK         (2791.70 2187.20)
  N16405373            VIA20RD10            (2875.00 890.00)
  N16405373            VIA16RD8MASK         (2846.70 932.80)
  N16405343            VIA20RD10            (2710.00 890.00)
  N16405343            VIA16RD8MASK         (2846.70 869.80)
  MCU_TDI              VIA20RD10            (2255.00 2600.50)
  MCU_TDI              VIA16RD8             (2299.00 2382.00)
  MCU_TDI              VIA20RD10            (1901.20 1134.00)
  MCU_TDI              VIA20RD10            (1830.00 2735.00)
  MCU_TDI              VIA20RD10            (1770.00 3225.00)
  MCU_TDI              VIA20RD10            (483.00 3523.00)
  ADREFHI              VIA20RD10            (3485.00 710.00)
  ADREFHI              VIA20RD10            (3360.00 2250.00)
  N17372787            VIA16RD8MASK         (2319.30 2029.80)
  N17372778            VIA16RD8MASK         (2350.80 2029.80)
  ADREFLO              VIA20RD10            (3955.00 2220.00)
  ADREFLO              VIA20RD10            (3250.00 2400.00)
  GIOA2_W2FCTXDO       VIA16RD8MASK         (2413.80 1809.30)
  GIOA2_W2FCTXDO       VIA20RD10            (2292.50 1586.51)
  EXP_EMIF_NWAIT       VIA20RD10            (2760.00 1775.00)
  EXP_EMIF_NWAIT       VIA20RD10            (3110.00 282.00)
  EXP_EMIF_NWAIT       VIA20RD10            (3100.00 760.00)
  EXP_EMIF_NWAIT       VIA20RD10            (3087.50 1545.00)
  EXP_EMIF_NWAIT       VIA20RD10            (3232.59 1267.50)
  USB_DEVICE_ON        VIA20RD10            (1270.00 1490.00)
  USB_DEVICE_ON        VIA20RD10            (1321.55 1641.55)
  LIN_TX               VIA20RD10            (1903.11 1535.00)
  LIN_RX               VIA20RD10            (1868.88 1535.00)
  CAN3_TX              VIA16RD8MASK         (2728.70 2439.20)
  CAN3_TX              VIA20RD10            (1151.89 2681.15)
  NERROR               VIA20RD10            (2262.27 2354.56)
  NERROR               VIA20RD10            (2182.00 3072.50)
  NERROR               VIA20RD10            (2115.00 2460.00)
  CAN3_RX              VIA16RD8MASK         (2728.70 2470.70)
  CAN3_RX              VIA20RD10            (1186.12 2681.15)
  CAN2_TX              VIA16RD8MASK         (2571.30 1840.80)
  CAN2_TX              VIA20RD10            (3355.00 380.00)
  N16792045            VIA16RD8MASK         (1407.40 2322.40)
  CAN2_RX              VIA16RD8MASK         (2571.30 1809.30)
  CAN2_RX              VIA20RD10            (3205.00 380.00)
  W2FC_PUENO_OHCI_TXENL1 VIA20RD10            (395.00 3270.00)
  W2FC_PUENO_OHCI_TXENL1 VIA20RD10            (160.00 3615.00)
  W2FC_PUENO_OHCI_TXENL1 VIA20RD10            (1460.00 3990.00)
  N16884622            VIA16RD8MASK         (2980.00 2281.70)
  N16884595            VIA16RD8MASK         (2886.20 2439.20)
  N16884595            VIA20RD10            (3645.00 2257.50)
  N16884595            VIA20RD10            (3427.61 2544.83)
  DMMDATA6             VIA20RD10            (785.00 1760.23)
  DMMDATA6             VIA16RD8MASK         (2350.80 1998.30)
  DMMDATA6             VIA20RD10            (1970.00 1700.00)
  CAN1_TX              VIA16RD8MASK         (2319.30 2124.30)
  CAN1_TX              VIA20RD10            (2000.00 380.00)
  NHET107_W2FCGZO      VIA20RD10            (1600.00 2000.00)
  NHET107_W2FCGZO      VIA20RD10            (1705.00 1550.00)
  NHET107_W2FCGZO      VIA16RD8MASK         (2854.70 1809.30)
  NHET107_W2FCGZO      VIA20RD10            (3250.00 1130.00)
  CAN1_RX              VIA16RD8MASK         (2350.80 2124.30)
  CAN1_RX              VIA20RD10            (1850.00 380.00)
  FLTP1                VIA16RD8MASK         (2602.80 1966.80)
  EMIFNCS2             VIA20RD10            (615.00 2735.00)
  EMIFNCS2             VIA20RD10            (2800.00 2810.00)
  N16884924            VIA16RD8MASK         (2886.20 2470.70)
  N16884924            VIA20RD10            (3877.50 2258.50)
  N16884924            VIA20RD10            (3100.00 2410.00)
  N16884906            VIA16RD8MASK         (2854.70 2439.20)
  N16884906            VIA20RD10            (3582.00 2550.00)
  ECLK                 VIA20RD10            (2210.00 2220.00)
  ECLK                 VIA20RD10            (935.00 2107.50)
  N16884951            VIA16RD8MASK         (2791.70 2439.20)
  N16884951            VIA20RD10            (3659.00 2474.14)
  VCC_12V              VIA20RD10            (3910.00 3505.00)
  VCC_12V              VIA20RD10            (3750.00 3505.00)
  VCC_12V              VIA20RD10            (3800.00 3505.00)
  VCC_12V              VIA20RD10            (3860.00 3505.00)
  VCC_12V              VIA20RD10            (4275.00 4430.00)
  N16884942            VIA16RD8MASK         (2980.70 2376.20)
  N16884942            VIA20RD10            (3419.00 2321.00)
  N16884942            VIA20RD10            (3425.00 1175.00)
  N16884897            VIA20RD10            (3050.00 2408.73)
  N16884897            VIA20RD10            (3766.18 2311.29)
  N16447347            VIA20RD10            (1080.30 4319.70)
  N16447347            VIA20RD10            (1295.00 2950.00)
  N16447347            VIA20RD10            (1175.00 4535.00)
  N16884933            VIA16RD8MASK         (2886.20 2376.20)
  N16884933            VIA20RD10            (3799.50 2345.50)
  SPI5CS0N             VIA20RD10            (1963.49 3286.00)
  SPI5CS0N             VIA20RD10            (1704.00 2824.42)
  SPI5CS0N             VIA20RD10            (3145.00 3290.00)
  GPIOL2               VIA16RD8MASK         (1545.63 2544.37)
  SPI5CS1N             VIA20RD10            (585.00 1708.97)
  SPI5CS1N             VIA20RD10            (3735.00 3065.01)
  SPI5CS1N             VIA20RD10            (572.00 3113.00)
  SPI5ENA              VIA20RD10            (3218.50 3245.00)
  SPI5ENA              VIA20RD10            (545.00 1395.00)
  SPI5ENA              VIA20RD10            (518.92 3145.38)
  SPI5ENA              VIA20RD10            (2280.00 3245.00)
  SPI5SOMI3            VIA20RD10            (1880.00 3220.00)
  SPI5SOMI3            VIA20RD10            (3288.50 3260.00)
  SPI5SOMI3            VIA20RD10            (3959.52 3295.00)
  GPIOH0               VIA16RD8MASK         (1595.63 2479.37)
  SPI5SOMI2            VIA20RD10            (2390.00 895.00)
  SPI5SOMI2            VIA20RD10            (3070.00 820.00)
  SPI5SOMI2            VIA20RD10            (3495.00 955.00)
  MIPI_JTAG_RESETN     VIA20RD10            (1232.00 4087.00)
  SPI5SOMI1            VIA20RD10            (1935.00 2562.50)
  SPI5SOMI1            VIA20RD10            (3765.00 3094.33)
  SPI5SOMI1            VIA20RD10            (2047.70 3093.50)
  SPI5SIMO3            VIA20RD10            (1935.00 2375.00)
  SPI5SIMO3            VIA20RD10            (2357.50 905.00)
  SPI5SIMO3            VIA20RD10            (3070.00 855.00)
  SPI5SIMO3            VIA20RD10            (3500.00 915.00)
  N16884915            VIA20RD10            (3111.00 2537.50)
  N16884915            VIA20RD10            (3885.00 2460.00)
  SPI5SIMO2            VIA20RD10            (1980.00 2325.00)
  SPI5SIMO2            VIA20RD10            (2105.00 3315.00)
  SPI5SIMO2            VIA20RD10            (3105.00 3350.00)
  SPI5SIMO1            VIA20RD10            (1800.00 2520.00)
  SPI5SIMO1            VIA20RD10            (1740.00 3007.00)
  SPI5SIMO1            VIA20RD10            (3432.50 2845.00)
  SPI5SIMO1            VIA20RD10            (3432.50 2927.50)
  SUSPENDN             VIA16RD8MASK         (1595.63 2419.37)
  SUSPENDN             VIA20RD10            (1592.50 2915.00)
  FLEXRAY_TX1          VIA16RD8MASK         (2350.80 2313.20)
  FLEXRAY_TX1          VIA20RD10            (1345.41 2218.84)
  FTDI_TCK             VIA16RD8MASK         (1360.63 2439.21)
  AD1EVT               VIA20RD10            (3970.00 1677.14)
  AD1EVT               VIA20RD10            (3915.00 2675.00)
  AD1EVT               VIA20RD10            (2869.53 2965.47)
  AD1EVT               VIA20RD10            (3880.00 2950.00)
  FLEXRAY_RX1          VIA16RD8MASK         (2319.30 2313.20)
  FLEXRAY_RX1          VIA20RD10            (1312.59 2218.84)
  VCC_1V2              VIA20RD10            (3700.00 2515.00)
  VCC_1V2              VIA20RD10            (4085.00 4225.00)
  VCC_1V2              VIA20RD10            (200.00 4283.00)
  N16884888            VIA16RD8MASK         (2791.70 2470.70)
  GPIOL0               VIA16RD8MASK         (1505.63 2544.37)
  RMII_RXER_AD1EVT     VIA20RD10            (2889.21 2995.79)
  POR_RESETN           VIA20RD10            (3022.86 3313.85)
  FLEXRAY_TXEN2        VIA20RD10            (1144.90 361.00)
  FLEXRAY_TXEN2        VIA20RD10            (675.00 1900.00)
  FLEXRAY_TXEN2        VIA16RD8MASK         (2350.80 2092.80)
  SPI1ENA_NHET123      VIA20RD10            (2364.72 3260.39)
  N17792394            VIA20RD10            (3262.50 1647.50)
  N17792394            VIA16RD8MASK         (3010.00 2250.00)
  N17792394            VIA20RD10            (3087.50 1910.00)
  GPIOH1               VIA16RD8MASK         (1630.63 2479.37)
  FLEXRAY_RX2          VIA16RD8MASK         (2319.30 2061.30)
  FLEXRAY_RX2          VIA20RD10            (1223.62 1954.98)
  SPI1CS1_NHET117      VIA20RD10            (2330.00 3250.00)
  N17792391            VIA16RD8MASK         (2949.20 2376.20)
  N17792391            VIA20RD10            (3736.00 2370.50)
  SPARE3               VIA20RD10            (1665.00 2802.50)
  SPI1_CS0N            VIA20RD10            (2230.00 3112.50)
  N16884613            VIA20RD10            (3092.50 2725.00)
  N16884613            VIA20RD10            (3698.00 2226.00)
  N16884613            VIA20RD10            (3347.57 2290.58)
  GIOA5                VIA16RD8MASK         (2350.80 1966.80)
  N16841145            VIA16RD8MASK         (2823.20 2344.70)
  N16841145            VIA20RD10            (3695.00 1667.50)
  PWRENN               VIA16RD8MASK         (1544.00 2429.00)
  PWRENN               VIA20RD10            (1535.00 2780.00)
  FLEXRAY_TXEN1        VIA16RD8MASK         (2350.80 2344.70)
  FLEXRAY_TXEN1        VIA20RD10            (2215.00 655.00)
  N16841142            VIA16RD8MASK         (2823.20 2470.70)
  N16841142            VIA20RD10            (3660.00 2519.50)
  N16884604            VIA20RD10            (3589.01 2651.00)
  N16841139            VIA16RD8MASK         (2854.70 2313.20)
  VCCUSB               VIA20RD10            (1119.70 4318.00)
  VCCUSB               VIA20RD10            (1250.00 4360.00)
  VCCUSB               VIA20RD10            (1259.20 4336.30)
  N16841136            VIA16RD8MASK         (2886.20 2313.20)
  N16841136            VIA20RD10            (3720.00 1805.00)
  N16884586            VIA16RD8MASK         (2854.70 2376.20)
  N16841133            VIA16RD8MASK         (2886.20 2344.70)
  N16841133            VIA20RD10            (3886.01 1638.91)
  N16841133            VIA20RD10            (3877.50 2181.00)
  CPLD_TDO             VIA16RD8MASK         (1465.63 2274.37)
  CPLD_TDO             VIA20RD10            (1540.00 2855.00)
  N16841130            VIA16RD8MASK         (2886.20 2281.70)
  N16884577            VIA16RD8MASK         (2917.70 2407.70)
  FLEXRAY_TX2          VIA16RD8MASK         (2350.80 2061.30)
  FLEXRAY_TX2          VIA20RD10            (1189.39 1954.98)
  N16841127            VIA16RD8MASK         (2886.20 2250.20)
  FTDI_TDO             VIA20RD10            (1447.00 2662.00)
  FTDI_TDO             VIA16RD8MASK         (1409.00 2457.00)
  FTDI_TMS             VIA16RD8MASK         (1475.63 2459.37)
  FTDI_TMS             VIA20RD10            (1466.70 2601.70)
  VCC_5V               VIA20RD10            (2055.00 120.00)
  VCC_5V               VIA20RD10            (3405.00 130.00)
  VCC_5V               VIA20RD10            (2745.00 3635.00)
  VCC_5V               VIA20RD10            (2705.00 3635.00)
  VCC_5V               VIA20RD10            (2646.61 3541.61)
  VCC_5V               VIA20RD10            (2695.00 3595.00)
  VCC_5V               VIA20RD10            (4170.00 4070.00)
  VCC_5V               VIA20RD10            (4140.00 4070.00)
  VCC_5V               VIA20RD10            (2810.80 3800.80)
  VCC_5V               VIA20RD10            (1675.20 3895.20)
  VCC_5V               VIA20RD10            (1870.00 3940.00)
  VCC_5V               VIA20RD10            (2925.00 3910.00)
  VCC_5V               VIA20RD10            (2010.00 3375.00)
  NHET126              VIA20RD10            (3099.21 3204.21)
  NHET126              VIA20RD10            (3581.22 1046.21)
  GPIOL3               VIA16RD8MASK         (1545.63 2509.37)
  N16447313            VIA20RD10            (1295.00 2980.00)
  N16447313            VIA20RD10            (1128.00 4180.00)
  N16447313            VIA20RD10            (1206.82 4535.00)
  SPARE2               VIA20RD10            (1759.12 2434.13)
  N17240398            VIA20RD10            (1715.00 3290.00)
  N17240398            VIA20RD10            (1230.00 3895.00)
  N17240398            VIA20RD10            (1058.00 4036.00)
  N17240395            VIA20RD10            (1670.00 3277.02)
  N17240395            VIA20RD10            (1225.00 3860.00)
  N17240395            VIA20RD10            (978.91 4037.99)
  RSTN                 VIA20RD10            (3160.00 3375.00)
  RSTN                 VIA20RD10            (3687.50 889.91)
  ETMTRACECTL          VIA20RD10            (1783.00 1170.00)
  ETMTRACECTL          VIA20RD10            (1660.00 2995.00)
  ETMTRACECTL          VIA16RD8MASK         (2823.20 2187.20)
  ETMTRACECTL          VIA20RD10            (2465.00 3050.00)
  NHET131              VIA20RD10            (3620.00 2580.00)
  OHCI_RCFG_PRTPOWER0  VIA20RD10            (2885.80 3800.80)
  OHCI_RCFG_PRTPOWER0  VIA20RD10            (2125.00 3510.00)
  OHCI_PRT_OVERCURRENT0 VIA20RD10            (1885.00 3895.00)
  N16452517            VIA20RD10            (1110.00 3395.00)
  N16452517            VIA20RD10            (745.00 3280.00)
  OHCI_PRT_RCVDMNS0    VIA20RD10            (2382.30 3115.00)
  OHCI_PRT_RCVDMNS0    VIA20RD10            (1812.12 3469.84)
  MCU_RTCK             VIA20RD10            (1164.00 1346.00)
  MCU_RTCK             VIA20RD10            (1195.00 2360.00)
  MCU_RTCK             VIA20RD10            (2553.00 2510.50)
  MCU_RTCK             VIA20RD10            (1190.00 2598.00)
  GIOB1_OHCIPRTPOWER0  VIA16RD8MASK         (2634.30 1840.80)
  GIOB1_OHCIPRTPOWER0  VIA20RD10            (3342.50 2770.80)
  GIOB1_OHCIPRTPOWER0  VIA20RD10            (3362.50 2527.33)
  GIOB1_OHCIPRTPOWER0  VIA20RD10            (2165.00 2795.00)
  GIOB1_OHCIPRTPOWER0  VIA20RD10            (3465.00 1050.00)
  GIOB1_OHCIPRTPOWER0  VIA20RD10            (2690.00 1320.00)
  GND                  VIA20RD10            (3263.00 4453.00)
  GND                  VIA20RD10            (1219.36 3597.14)
  GND                  VIA20RD10            (942.00 4030.00)
  GND                  VIA20RD10            (1174.00 4179.00)
  GND                  VIA20RD10            (1905.00 965.00)
  GND                  VIA20RD10            (1655.00 965.00)
  GND                  VIA20RD10            (2590.00 3450.00)
  GND                  VIA20RD10            (2165.00 2960.00)
  GND                  VIA20RD10            (1180.00 1755.00)
  GND                  VIA20RD10            (2030.00 3535.00)
  GND                  VIA20RD10            (205.00 4240.00)
  GND                  VIA20RD10            (260.00 4010.00)
  GND                  VIA20RD10            (320.00 3970.00)
  GND                  VIA20RD10            (302.00 4414.50)
  GND                  VIA20RD10            (1435.00 4755.00)
  GND                  VIA20RD10            (1620.00 3745.00)
  GND                  VIA20RD10            (3213.00 2216.00)
  GND                  VIA16RD8MASK         (2846.70 1121.70)
  GND                  VIA16RD8MASK         (2750.00 835.00)
  GND                  VIA16RD8MASK         (2846.70 838.30)
  GND                  VIA20RD10            (1802.80 1135.00)
  GND                  VIA20RD10            (1802.80 765.00)
  GND                  VIA20RD10            (1389.00 771.00)
  GND                  VIA20RD10            (2943.00 1175.00)
  GND                  VIA20RD10            (2919.00 930.00)
  GND                  VIA20RD10            (2919.00 1040.00)
  GND                  VIA20RD10            (2535.00 1185.00)
  GND                  VIA16RD8MASK         (1436.00 2322.00)
  GND                  VIA20RD10            (2250.00 110.00)
  GND                  VIA20RD10            (1028.00 4410.00)
  GND                  VIA20RD10            (2780.00 3390.00)
  GND                  VIA20RD10            (2790.00 3555.00)
  GND                  VIA20RD10            (2691.00 3830.00)
  GND                  VIA20RD10            (2995.00 3325.00)
  GND                  VIA20RD10            (2885.00 3380.00)
  GND                  VIA20RD10            (3720.00 4214.00)
  GND                  VIA20RD10            (3825.00 2650.00)
  GND                  VIA20RD10            (3775.00 2915.00)
  GND                  VIA25RD12            (2990.00 3726.00)
  GND                  VIA25RD12            (3080.00 3825.00)
  GND                  VIA25RD12            (3170.00 3726.00)
  GND                  VIA25RD12            (3256.00 3450.00)
  GND                  VIA25RD12            (3355.00 3360.00)
  GND                  VIA25RD12            (3256.00 3270.00)
  GND                  VIA20RD10            (670.00 3090.00)
  GND                  VIA20RD10            (4265.00 4230.00)
  GND                  VIA20RD10            (620.00 1580.00)
  GND                  VIA16RD8MASK         (2325.00 1870.00)
  GND                  VIA16RD8MASK         (2337.00 1840.29)
  GND                  VIA16RD8MASK         (2665.80 1903.80)
  GND                  VIA16RD8MASK         (2949.20 1840.80)
  GND                  VIA16RD8MASK         (2917.70 1840.80)
  GND                  VIA16RD8MASK         (2413.80 2155.80)
  GND                  VIA16RD8MASK         (2886.20 2155.80)
  GND                  VIA16RD8MASK         (2382.30 2439.20)
  GND                  VIA16RD8MASK         (2340.00 2450.00)
  GND                  VIA16RD8MASK         (2324.00 2403.00)
  GND                  VIA16RD8MASK         (2665.80 2376.20)
  GND                  VIA16RD8MASK         (2949.20 2407.70)
  GND                  VIA16RD8MASK         (2949.20 2439.20)
  GND                  VIA16RD8MASK         (2917.70 2439.20)
  GND                  VIA20RD10            (625.00 2575.00)
  GND                  VIA20RD10            (1010.00 2575.00)
  GND                  VIA20RD10            (2087.10 3115.00)
  GND                  VIA20RD10            (2303.60 3115.00)
  GND                  VIA16RD8MASK         (2728.70 2092.80)
  GND                  VIA16RD8MASK         (2697.20 2187.20)
  GND                  VIA16RD8MASK         (2697.20 2092.80)
  GND                  VIA16RD8MASK         (2634.30 2124.30)
  GND                  VIA16RD8MASK         (2602.80 2124.30)
  GND                  VIA16RD8MASK         (2602.80 2092.80)
  GND                  VIA16RD8MASK         (2602.80 2061.30)
  GND                  VIA16RD8MASK         (2571.30 2187.20)
  GND                  VIA20RD10            (3070.00 1840.00)
  GND                  VIA20RD10            (3110.00 4250.00)
  GND                  VIA20RD10            (702.90 102.10)
  GND                  VIA20RD10            (1850.00 39.50)
  GND                  VIA20RD10            (1950.00 39.50)
  GND                  VIA20RD10            (3205.00 39.50)
  GND                  VIA20RD10            (3305.00 39.50)
  GND                  VIA20RD10            (702.90 242.10)
  GND                  VIA20RD10            (740.00 200.00)
  GND                  VIA20RD10            (740.00 150.00)
  GND                  VIA20RD10            (1935.00 160.00)
  GND                  VIA20RD10            (2360.00 305.00)
  GND                  VIA20RD10            (2465.50 290.00)
  GND                  VIA20RD10            (2750.00 180.00)
  GND                  VIA20RD10            (2870.00 225.00)
  GND                  VIA20RD10            (2970.00 265.00)
  GND                  VIA20RD10            (3030.00 285.00)
  GND                  VIA20RD10            (3290.00 160.00)
  GND                  VIA20RD10            (3885.00 975.00)
  GND                  VIA20RD10            (3885.00 1115.00)
  GND                  VIA20RD10            (3885.00 1045.00)
  GND                  VIA20RD10            (3885.00 1185.00)
  GND                  VIA20RD10            (1005.00 1580.00)
  GND                  VIA20RD10            (2105.00 1600.00)
  GND                  VIA20RD10            (2665.50 1580.00)
  GND                  VIA20RD10            (3890.00 1550.00)
  GND                  VIA20RD10            (3890.00 1480.00)
  GND                  VIA20RD10            (3890.00 1410.00)
  GND                  VIA20RD10            (3890.00 1340.00)
  GND                  VIA20RD10            (2544.50 1720.00)
  GND                  VIA20RD10            (3019.50 1900.60)
  GND                  VIA20RD10            (3435.00 1720.00)
  GND                  VIA20RD10            (3435.00 1780.00)
  GND                  VIA20RD10            (3885.00 1890.00)
  GND                  VIA20RD10            (3885.00 1820.00)
  GND                  VIA20RD10            (3885.00 1750.00)
  GND                  VIA20RD10            (2030.00 2015.00)
  GND                  VIA20RD10            (1840.00 2010.00)
  GND                  VIA20RD10            (2200.00 1925.00)
  GND                  VIA20RD10            (3700.74 2172.69)
  GND                  VIA20RD10            (3430.00 2180.00)
  GND                  VIA20RD10            (3430.00 2110.00)
  GND                  VIA20RD10            (3450.00 1970.00)
  GND                  VIA20RD10            (3450.00 1915.00)
  GND                  VIA20RD10            (3885.00 1960.00)
  GND                  VIA20RD10            (2283.00 2285.00)
  GND                  VIA20RD10            (2889.90 2504.80)
  GND                  VIA20RD10            (3087.00 2284.90)
  GND                  VIA20RD10            (3205.00 2405.50)
  GND                  VIA20RD10            (3330.00 2230.00)
  GND                  VIA20RD10            (3470.00 2272.00)
  GND                  VIA20RD10            (1295.00 2805.00)
  GND                  VIA20RD10            (1190.00 2805.00)
  GND                  VIA20RD10            (1584.80 2779.80)
  GND                  VIA20RD10            (1485.00 2780.00)
  GND                  VIA20RD10            (2115.00 2680.00)
  GND                  VIA20RD10            (2383.50 2600.00)
  GND                  VIA20RD10            (2383.50 2640.00)
  GND                  VIA20RD10            (2670.00 2715.00)
  GND                  VIA20RD10            (3190.00 2675.00)
  GND                  VIA20RD10            (3210.00 2765.00)
  GND                  VIA20RD10            (3665.00 2615.00)
  GND                  VIA20RD10            (3620.00 2615.00)
  GND                  VIA20RD10            (3840.00 2515.00)
  GND                  VIA20RD10            (3890.00 2575.00)
  GND                  VIA20RD10            (1295.00 3105.00)
  GND                  VIA20RD10            (1130.00 2950.00)
  GND                  VIA20RD10            (1525.00 3110.00)
  GND                  VIA20RD10            (1565.00 2995.00)
  GND                  VIA20RD10            (1856.87 2827.90)
  GND                  VIA20RD10            (2087.10 2964.20)
  GND                  VIA20RD10            (2461.00 2964.20)
  GND                  VIA20RD10            (2421.60 2964.20)
  GND                  VIA20RD10            (3205.00 3010.00)
  GND                  VIA20RD10            (3485.00 2920.00)
  GND                  VIA20RD10            (3505.00 2815.00)
  GND                  VIA20RD10            (955.00 3330.00)
  GND                  VIA20RD10            (955.00 3230.00)
  GND                  VIA20RD10            (1210.00 3260.00)
  GND                  VIA20RD10            (1240.00 3170.00)
  GND                  VIA20RD10            (1395.00 3115.90)
  GND                  VIA20RD10            (1875.00 3275.00)
  GND                  VIA20RD10            (995.00 3445.00)
  GND                  VIA20RD10            (955.00 3630.00)
  GND                  VIA20RD10            (955.00 3530.00)
  GND                  VIA20RD10            (955.00 3430.00)
  GND                  VIA20RD10            (1165.10 3535.10)
  GND                  VIA20RD10            (1230.00 3415.00)
  GND                  VIA20RD10            (1075.00 3550.00)
  GND                  VIA20RD10            (1550.00 3485.00)
  GND                  VIA20RD10            (2640.00 3670.00)
  GND                  VIA20RD10            (955.00 3730.00)
  GND                  VIA20RD10            (1712.70 3892.30)
  GND                  VIA20RD10            (1640.00 4010.00)
  GND                  VIA20RD10            (2470.00 3840.00)
  GND                  VIA20RD10            (2400.00 3805.00)
  GND                  VIA20RD10            (2250.00 3805.00)
  GND                  VIA20RD10            (2765.00 3910.00)
  GND                  VIA20RD10            (3185.00 1600.00)
  GND                  VIA20RD10            (2625.00 3950.00)
  GND                  VIA20RD10            (2925.00 3985.00)
  GND                  VIA20RD10            (2848.30 3800.00)
  GND                  VIA20RD10            (3405.00 3815.00)
  GND                  VIA20RD10            (3605.00 3750.00)
  GND                  VIA20RD10            (3630.00 3935.00)
  GND                  VIA20RD10            (495.00 3815.00)
  GND                  VIA20RD10            (1060.00 4184.90)
  GND                  VIA20RD10            (1403.16 4165.00)
  GND                  VIA20RD10            (1365.00 4200.00)
  GND                  VIA20RD10            (1900.00 4270.00)
  GND                  VIA20RD10            (1940.00 4270.00)
  GND                  VIA20RD10            (2005.00 4205.00)
  GND                  VIA20RD10            (2275.00 4035.00)
  GND                  VIA20RD10            (2765.00 4190.00)
  GND                  VIA20RD10            (4047.00 4225.00)
  GND                  VIA20RD10            (533.00 4243.00)
  GND                  VIA20RD10            (405.00 4041.70)
  GND                  VIA20RD10            (339.50 4210.00)
  GND                  VIA20RD10            (490.00 3930.00)
  GND                  VIA20RD10            (1130.00 4365.00)
  GND                  VIA20RD10            (1470.00 4340.00)
  GND                  VIA20RD10            (2740.00 4535.00)
  GND                  VIA20RD10            (4275.00 4340.00)
  GND                  VIA20RD10            (250.00 3780.00)
  GND                  VIA20RD10            (35.00 3785.00)
  GND                  VIA20RD10            (415.00 4095.00)
  GND                  VIA20RD10            (35.00 4160.00)
  GND                  VIA25RD12            (3439.50 4049.10)
  GND                  VIA25RD12            (3380.50 4049.10)
  GND                  VIA25RD12            (3380.50 3930.90)
  GND                  VIA25RD12            (3439.50 3930.90)
  GND                  VIA25RD12            (3439.50 3990.00)
  GND                  VIA20RD10            (3660.00 4295.00)
  GND                  VIA20RD10            (2750.00 3835.00)
  GND                  VIA20RD10            (2790.00 3485.00)
  GND                  VIA20RD10            (3080.00 3120.00)
  GND                  VIA20RD10            (3080.00 3075.00)
  GND                  VIA20RD10            (3020.00 3075.00)
  GND                  VIA20RD10            (2875.00 3120.00)
  GND                  VIA20RD10            (2875.00 3075.00)
  GND                  VIA20RD10            (2810.00 3075.00)
  GND                  VIA20RD10            (2660.00 3075.00)
  GND                  VIA20RD10            (2660.00 3120.00)
  GND                  VIA20RD10            (2595.00 3075.00)
  GND                  VIA20RD10            (1590.00 3735.00)
  GND                  VIA20RD10            (1250.00 935.00)
  GND                  VIA20RD10            (943.12 1894.38)
  GND                  VIA20RD10            (927.68 1852.74)
  GND                  VIA20RD10            (905.00 1890.00)
  OHCI_PRT_RCVDPLS0    VIA20RD10            (2342.90 3115.00)
  OHCI_PRT_RCVDPLS0    VIA20RD10            (1777.89 3469.84)
  SPI1CS1_NHET117_OHCISUSPEN0 VIA16RD8MASK         (2508.30 1903.80)
  SPI1CS1_NHET117_OHCISUSPEN0 VIA20RD10            (2510.00 2785.00)
  T_DIS                VIA20RD10            (1660.00 2130.00)
  T_DIS                VIA20RD10            (1210.00 2885.00)
  GIOB0_OHCITXDPLS0    VIA20RD10            (2227.00 2962.50)
  GIOB0_OHCITXDPLS0    VIA16RD8MASK         (2728.70 1840.80)
  GIOB0_OHCITXDPLS0    VIA20RD10            (3172.00 2202.00)
  GIOB0_OHCITXDPLS0    VIA20RD10            (2955.00 2580.00)
  GIOB0_OHCITXDPLS0    VIA20RD10            (2710.00 2970.00)
  GIOA1                VIA20RD10            (1550.00 1555.00)
  RTP_TDO              VIA20RD10            (730.00 3480.00)
  RTP_TDO              VIA20RD10            (590.00 3385.50)
  RTP_TDO              VIA20RD10            (590.00 2675.00)
  EMIFNCS3_RTPD14      VIA20RD10            (2740.00 2655.00)
  EMIFNCS3_RTPD14      VIA20RD10            (1420.00 2555.00)
  EMIFNCS3_RTPD14      VIA20RD10            (850.00 1680.00)
  EMIFNCS3_RTPD14      VIA20RD10            (1010.00 2525.00)
  RTP_TDI              VIA20RD10            (750.00 3900.00)
  EMIFNCS0_RTPD15      VIA20RD10            (864.65 2945.50)
  EMIFNCS0_RTPD15      VIA20RD10            (3487.50 2960.00)
  EMIFNCS0_RTPD15      VIA20RD10            (3520.00 1090.00)
  EMIFNCS0_RTPD15      VIA20RD10            (2935.00 2890.00)
  GIOB3                VIA20RD10            (1455.00 1760.00)
  GIOB3                VIA20RD10            (1340.00 1185.00)
  GIOB3                VIA20RD10            (1665.00 670.00)
  EMIFA8_RTPD11        VIA20RD10            (625.00 2475.00)
  EMIFA8_RTPD11        VIA16RD8MASK         (2846.70 1090.20)
  EMIFA8_RTPD11        VIA20RD10            (2175.00 1310.00)
  EMIFA8_RTPD11        VIA20RD10            (485.00 1410.00)
  N16377807            VIA20RD10            (2760.00 4055.00)
  N16377807            VIA20RD10            (1855.00 3753.88)
  EMIFA7_RTPD12        VIA20RD10            (2225.00 1310.00)
  EMIFA7_RTPD12        VIA16RD8MASK         (2815.20 1090.20)
  EMIFA7_RTPD12        VIA20RD10            (877.50 2542.50)
  EMIFA7_RTPD12        VIA20RD10            (820.00 2167.50)
  EMIFA7_RTPD12        VIA20RD10            (755.17 1540.00)
  EMIFA7_RTPD12        VIA20RD10            (887.50 2337.50)
  EMIFA7_RTPD12        VIA20RD10            (1050.00 2525.00)
  RTP_RTCK             VIA20RD10            (740.00 3580.00)
  EMIFA6_RTPD13        VIA20RD10            (590.00 2525.00)
  EMIFA6_RTPD13        VIA16RD8MASK         (2783.70 1090.20)
  EMIFA6_RTPD13        VIA20RD10            (2195.30 1340.00)
  EMIFA6_RTPD13        VIA20RD10            (452.50 1427.49)
  GIOA1_W2FCRXDMI      VIA20RD10            (2320.00 1815.00)
  GIOA1_W2FCRXDMI      VIA20RD10            (2030.00 1525.00)
  GIOB6                VIA16RD8MASK         (2602.80 1840.80)
  GIOB6                VIA20RD10            (3309.01 450.00)
  GIOA0_W2FCRXDPI      VIA16RD8MASK         (2328.89 1984.29)
  GIOA0_W2FCRXDPI      VIA20RD10            (2034.50 1495.27)
  N16377811            VIA20RD10            (2760.00 4025.00)
  N16377811            VIA20RD10            (1855.00 3788.11)
  RTP_TRSTN            VIA20RD10            (750.00 3980.00)
  GIOB0                VIA20RD10            (2180.00 3115.00)
  N17412986            VIA20RD10            (505.00 3395.00)
  N17412986            VIA20RD10            (1134.00 4037.98)
  RMII_RXD1            VIA20RD10            (3065.00 3235.00)
  RMII_RXD1            VIA20RD10            (2490.00 3340.00)
  RMII_RXD1            VIA20RD10            (2385.00 3325.00)
  NHET115_SPI1CS4      VIA16RD8MASK         (2760.20 1809.30)
  NHET115_SPI1CS4      VIA20RD10            (2884.00 1354.80)
  GIOB1                VIA20RD10            (2185.50 3245.00)
  NHET114_OHCITXSE00   VIA20RD10            (1301.50 2750.50)
  NHET114_OHCITXSE00   VIA20RD10            (1030.00 2799.01)
  NHET114_OHCITXSE00   VIA20RD10            (1035.00 2097.50)
  NHET114_OHCITXSE00   VIA20RD10            (2070.00 2775.00)
  NHET114_OHCITXSE00   VIA16RD8MASK         (2319.30 2158.00)
  NHET113_SCITX        VIA16RD8MASK         (2760.20 1840.80)
  NHET113_SCITX        VIA20RD10            (3087.50 1600.00)
  NHET113_SCITX        VIA20RD10            (3465.00 1462.50)
  NHET113_SCITX        VIA20RD10            (3608.40 844.01)
  NHET113_SCITX        VIA20RD10            (3550.00 635.00)
  GIOB5                VIA16RD8MASK         (2539.80 1840.80)
  GIOB5                VIA20RD10            (2709.70 392.50)
  RMII_CRS_DV          VIA20RD10            (2260.80 3475.00)
  RMII_CRS_DV          VIA20RD10            (2755.00 2990.00)
  RMII_CRS_DV          VIA20RD10            (2615.00 3495.00)
  NHET112_RMIICRSDV    VIA16RD8MASK         (2350.80 1935.30)
  NHET112_RMIICRSDV    VIA20RD10            (1770.00 1980.00)
  NHET112_RMIICRSDV    VIA20RD10            (1705.00 2890.00)
  NHET112_RMIICRSDV    VIA20RD10            (2830.16 2965.16)
  NHET112_RMIICRSDV    VIA20RD10            (2050.00 2965.00)
  NHET111_W2FCVBUSI    VIA20RD10            (1490.00 2036.41)
  NHET111_W2FCVBUSI    VIA20RD10            (1650.00 1500.00)
  NHET111_W2FCVBUSI    VIA20RD10            (2225.00 1260.00)
  NHET111_W2FCVBUSI    VIA20RD10            (2470.00 1340.00)
  VCC_3V3              VIA20RD10            (1301.00 4116.00)
  VCC_3V3              VIA20RD10            (3310.00 995.00)
  VCC_3V3              VIA20RD10            (1545.00 3680.00)
  VCC_3V3              VIA20RD10            (1995.00 790.00)
  VCC_3V3              VIA20RD10            (3330.00 1575.00)
  VCC_3V3              VIA20RD10            (1524.10 2077.94)
  VCC_3V3              VIA20RD10            (1138.00 2615.00)
  VCC_3V3              VIA20RD10            (1235.30 1675.30)
  VCC_3V3              VIA20RD10            (1940.60 1134.40)
  VCC_3V3              VIA20RD10            (1842.20 765.00)
  VCC_3V3              VIA20RD10            (2977.00 1175.00)
  VCC_3V3              VIA20RD10            (2919.00 1075.00)
  VCC_3V3              VIA20RD10            (2919.00 1005.00)
  VCC_3V3              VIA20RD10            (2919.00 970.00)
  VCC_3V3              VIA20RD10            (2289.70 180.30)
  VCC_3V3              VIA20RD10            (2000.00 3970.00)
  VCC_3V3              VIA20RD10            (4255.00 4145.00)
  VCC_3V3              VIA20RD10            (3900.00 4300.00)
  VCC_3V3              VIA20RD10            (2045.00 2615.00)
  VCC_3V3              VIA20RD10            (2229.40 3687.40)
  VCC_3V3              VIA20RD10            (1960.00 3725.00)
  VCC_3V3              VIA20RD10            (2740.00 2770.50)
  VCC_3V3              VIA20RD10            (955.00 3790.00)
  VCC_3V3              VIA20RD10            (2740.00 1475.00)
  VCC_3V3              VIA20RD10            (2780.00 2770.50)
  VCC_3V3              VIA20RD10            (2090.00 3740.00)
  VCC_3V3              VIA20RD10            (2264.40 3687.40)
  VCC_3V3              VIA20RD10            (2299.40 3687.40)
  VCC_3V3              VIA20RD10            (2475.00 2710.00)
  VCC_3V3              VIA20RD10            (2820.00 2770.50)
  VCC_3V3              VIA20RD10            (2290.00 2710.50)
  VCC_3V3              VIA20RD10            (2940.00 2650.00)
  VCC_3V3              VIA20RD10            (2640.00 3705.00)
  VCC_3V3              VIA20RD10            (2405.00 2710.00)
  VCC_3V3              VIA20RD10            (407.00 3528.00)
  VCC_3V3              VIA20RD10            (3010.00 2650.00)
  VCC_3V3              VIA20RD10            (2139.50 2730.00)
  VCC_3V3              VIA20RD10            (2580.00 2710.00)
  VCC_3V3              VIA20RD10            (2060.00 4600.00)
  VCC_3V3              VIA20RD10            (812.90 397.90)
  VCC_3V3              VIA20RD10            (945.00 4130.00)
  VCC_3V3              VIA20RD10            (2505.00 3892.00)
  VCC_3V3              VIA20RD10            (2140.00 1745.00)
  VCC_3V3              VIA20RD10            (2870.00 185.00)
  VCC_3V3              VIA20RD10            (749.90 430.90)
  VCC_3V3              VIA20RD10            (2865.00 120.00)
  VCC_3V3              VIA20RD10            (715.00 430.90)
  VCC_3V3              VIA20RD10            (3010.00 330.00)
  VCC_3V3              VIA20RD10            (2214.50 2325.00)
  VCC_3V3              VIA20RD10            (2074.00 2290.00)
  VCC_3V3              VIA20RD10            (3005.00 2155.00)
  VCC_3V3              VIA20RD10            (672.90 397.90)
  VCC_3V3              VIA20RD10            (2445.00 1680.50)
  VCC_3V3              VIA20RD10            (2365.00 1680.50)
  VCC_3V3              VIA20RD10            (1985.00 3419.50)
  VCC_3V3              VIA20RD10            (3258.63 1794.83)
  VCC_3V3              VIA20RD10            (2760.00 4600.00)
  VCC_3V3              VIA20RD10            (2795.00 1695.00)
  VCC_3V3              VIA20RD10            (2405.00 1680.50)
  VCC_3V3              VIA20RD10            (1940.00 3395.00)
  VCC_3V3              VIA20RD10            (215.00 3780.00)
  VCC_3V3              VIA20RD10            (220.00 4020.00)
  VCC_3V3              VIA20RD10            (340.20 4165.00)
  VCC_3V3              VIA20RD10            (3645.00 2820.00)
  VCC_3V3              VIA20RD10            (3675.00 2820.00)
  VCC_3V3              VIA20RD10            (3720.00 2820.00)
  VCC_3V3              VIA20RD10            (3730.00 2870.00)
  VCC_3V3              VIA20RD10            (3700.00 2850.00)
  VCC_3V3              VIA20RD10            (620.00 980.00)
  GIOA7                VIA16RD8MASK         (2728.70 1809.30)
  GIOA7                VIA20RD10            (3070.00 775.00)
  GIOA7                VIA20RD10            (2970.00 395.00)
  N17794215            VIA16RD8MASK         (2602.80 2344.70)
  N17794215            VIA20RD10            (1905.00 2290.00)
  N17794212            VIA20RD10            (1895.85 2460.85)
  N17794212            VIA16RD8MASK         (2508.30 2344.70)
  RMII_TXD1            VIA20RD10            (2670.00 3245.00)
  RMII_TXD1            VIA20RD10            (2550.00 3625.00)
  N17794209            VIA20RD10            (2047.50 2475.00)
  N17794209            VIA16RD8MASK         (2508.30 2376.20)
  NHET109_W2FCSUSPENDO VIA20RD10            (1700.00 2945.00)
  NHET109_W2FCSUSPENDO VIA16RD8MASK         (2949.20 2029.80)
  NHET109_W2FCSUSPENDO VIA20RD10            (2970.00 2855.00)
  NHET109_W2FCSUSPENDO VIA20RD10            (1550.00 1315.00)
  NHET109_W2FCSUSPENDO VIA20RD10            (1405.00 2875.00)
  NHET108_OHCIOVRCURRENT0 VIA16RD8MASK         (2476.80 2439.20)
  NHET108_OHCIOVRCURRENT0 VIA20RD10            (2260.00 2795.00)
  NHET108_OHCIOVRCURRENT0 VIA20RD10            (1930.00 2803.60)
  SPI5SIMO0_RMIITXD1   VIA20RD10            (2710.00 3245.00)
  SPI5SIMO0_RMIITXD1   VIA20RD10            (1935.00 2675.00)
  SPI5SIMO0_RMIITXD1   VIA20RD10            (2020.00 3285.00)
  USB_HOST_ON          VIA20RD10            (607.50 3043.60)
  USB_HOST_ON          VIA20RD10            (620.00 1825.00)
  USB_HOST_ON          VIA20RD10            (1982.97 2962.50)
  NHET126_RMIIRXD1     VIA20RD10            (1948.00 2970.00)
  NHET126_RMIIRXD1     VIA16RD8MASK         (2319.30 2281.70)
  NHET126_RMIIRXD1     VIA20RD10            (1957.51 2059.50)
  SPI5CLK_RMIITXEN     VIA20RD10            (1940.00 2760.00)
  SPI5CLK_RMIITXEN     VIA20RD10            (2702.76 3102.76)
  SPI5CLK_RMIITXEN     VIA20RD10            (1960.00 3125.00)
  ETMDATA7             VIA16RD8MASK         (2476.80 2281.70)
  ETMDATA7             VIA20RD10            (2275.00 3015.00)
  ETMDATA7             VIA20RD10            (1625.40 1134.00)
  ETMDATA7             VIA20RD10            (1440.00 3085.00)
  SPI1CS3_NHET121      VIA16RD8MASK         (2602.80 1903.80)
  ETMDATA6             VIA20RD10            (1626.40 1170.00)
  ETMDATA6             VIA20RD10            (1405.00 3085.00)
  ETMDATA6             VIA16RD8MASK         (2476.80 2313.20)
  ETMDATA6             VIA20RD10            (2270.00 3060.00)
  NHET106_SCIRX        VIA20RD10            (3305.00 1280.00)
  NHET106_SCIRX        VIA20RD10            (3305.00 1480.00)
  NHET106_SCIRX        VIA16RD8MASK         (2980.70 1903.80)
  NHET114              VIA20RD10            (2460.00 3470.50)
  NHET114              VIA20RD10            (2616.00 295.00)
  ETMDATA5             VIA16RD8MASK         (2508.30 2313.20)
  ETMDATA5             VIA20RD10            (2325.00 3044.30)
  ETMDATA5             VIA20RD10            (1664.80 1134.00)
  ETMDATA5             VIA20RD10            (1565.00 3040.00)
  N16388051            VIA20RD10            (2315.00 3755.00)
  DMMDATA3             VIA20RD10            (3110.00 2166.00)
  DMMDATA3             VIA20RD10            (3010.00 1440.00)
  DMMDATA3             VIA20RD10            (3030.00 775.00)
  DMMDATA3             VIA20RD10            (620.00 1280.00)
  DMMDATA3             VIA20RD10            (617.55 692.35)
  NHET130              VIA20RD10            (4180.00 1046.50)
  NHET130              VIA20RD10            (4135.00 3188.00)
  NHET130              VIA20RD10            (2110.00 3420.00)
  ETMDATA4             VIA20RD10            (1665.80 1170.00)
  ETMDATA4             VIA20RD10            (1480.00 3095.00)
  ETMDATA4             VIA16RD8MASK         (2539.80 2313.20)
  ETMDATA4             VIA20RD10            (2365.00 2995.00)
  NHET105              VIA20RD10            (3507.50 1295.00)
  NHET105              VIA20RD10            (3135.00 2093.00)
  NHET105              VIA16RD8MASK         (2949.20 1998.30)
  NHET110              VIA20RD10            (1809.61 3220.00)
  NHET110              VIA20RD10            (790.50 3274.50)
  NHET110              VIA20RD10            (2426.00 377.50)
  NHET110              VIA20RD10            (1010.00 635.00)
  ETMDATA3             VIA20RD10            (1704.20 1134.00)
  ETMDATA3             VIA20RD10            (1615.00 3055.00)
  ETMDATA3             VIA16RD8MASK         (2571.30 2313.20)
  ETMDATA3             VIA20RD10            (2370.00 3045.00)
  SPI2CS0              VIA16RD8MASK         (2760.20 1903.80)
  SPI2CS0              VIA20RD10            (2745.00 1435.00)
  SPI2CS0              VIA20RD10            (2754.00 292.50)
  SPI2CS0              VIA20RD10            (160.31 369.99)
  SPI2CS0              VIA20RD10            (601.73 4644.00)
  NHET108              VIA20RD10            (905.00 2427.50)
  NHET108              VIA20RD10            (879.00 2708.38)
  NHET108              VIA20RD10            (993.00 3331.00)
  NHET108              VIA20RD10            (1035.00 661.20)
  ETMDATA2             VIA16RD8MASK         (2602.80 2313.20)
  ETMDATA2             VIA20RD10            (2460.00 2830.00)
  ETMDATA2             VIA20RD10            (1902.93 2844.91)
  ETMDATA2             VIA20RD10            (1810.00 2610.00)
  ETMDATA2             VIA20RD10            (1705.20 1170.00)
  ETMDATA2             VIA20RD10            (1715.00 2605.00)
  RMII_RXD0            VIA20RD10            (3010.00 3205.00)
  SPI1SOMI             VIA20RD10            (2515.00 2680.00)
  SPI1SOMI             VIA20RD10            (3165.00 2735.00)
  SPI1SOMI             VIA20RD10            (3430.00 2699.00)
  SPI1SOMI             VIA20RD10            (3430.00 2772.50)
  NHET104              VIA20RD10            (1895.00 1610.00)
  NHET122              VIA20RD10            (1435.00 1265.00)
  NHET122              VIA20RD10            (2060.00 630.00)
  NHET122              VIA20RD10            (1975.00 1335.00)
  ETMDATA1             VIA20RD10            (1743.60 1134.00)
  ETMDATA1             VIA20RD10            (1605.00 3000.00)
  ETMDATA1             VIA16RD8MASK         (2823.20 2250.20)
  ETMDATA1             VIA20RD10            (2410.00 3050.00)
  DMMDATA13            VIA16RD8MASK         (2476.80 2376.20)
  SPI3SIMO             VIA16RD8MASK         (2980.70 2061.30)
  SPI3SIMO             VIA20RD10            (3620.00 975.00)
  ETMDATA0             VIA20RD10            (1744.60 1170.00)
  ETMDATA0             VIA20RD10            (1600.00 2880.00)
  ETMDATA0             VIA16RD8MASK         (2823.20 2218.70)
  ETMDATA0             VIA20RD10            (2465.00 3020.00)
  NHET103_W2FCPUENON   VIA20RD10            (1550.00 1865.00)
  NHET103_W2FCPUENON   VIA20RD10            (1625.00 1425.00)
  NHET103_W2FCPUENON   VIA16RD8MASK         (2886.20 1809.30)
  NHET103_W2FCPUENON   VIA20RD10            (3285.00 1145.00)
  N17877547            VIA25RD12            (2990.00 3974.00)
  N17877547            VIA25RD12            (3080.00 3870.00)
  N17877547            VIA25RD12            (3170.00 3974.00)
  DMMDATA4             VIA20RD10            (987.50 2182.50)
  DMMDATA4             VIA20RD10            (1045.00 1330.00)
  DMMDATA4             VIA20RD10            (1175.39 2216.29)
  SPI1SIMO             VIA20RD10            (2480.00 2680.00)
  NHET102              VIA16RD8MASK         (2980.70 1966.80)
  N17877585            VIA20RD10            (3235.00 4020.00)
  N17877585            VIA20RD10            (3167.62 4720.00)
  GIOB2                VIA16RD8MASK         (2508.30 1840.80)
  GIOB2                VIA20RD10            (1748.10 380.00)
  AD1IN8               VIA20RD10            (3090.00 185.00)
  NHET101_W2FCPUENO    VIA20RD10            (1470.00 1815.00)
  NHET101_W2FCPUENO    VIA20RD10            (1487.50 1490.00)
  NHET101_W2FCPUENO    VIA16RD8MASK         (2917.70 1872.30)
  NHET101_W2FCPUENO    VIA20RD10            (3311.43 1025.00)
  EMIFNDQM1_ETMD14     VIA20RD10            (3250.00 950.00)
  EMIFNDQM1_ETMD14     VIA20RD10            (1352.10 2023.95)
  N17219643            VIA20RD10            (2529.80 3704.80)
  VCC_ADC              VIA20RD10            (3240.00 2335.00)
  VCC_ADC              VIA20RD10            (3241.00 2304.00)
  EMIFNDQM0_ETMD15     VIA20RD10            (3250.00 985.79)
  EMIFNDQM0_ETMD15     VIA20RD10            (1380.00 2035.00)
  N17794109            VIA20RD10            (3385.00 2231.00)
  N17794109            VIA16RD8MASK         (2949.20 1966.80)
  N17794109            VIA20RD10            (3355.00 1858.00)
  N17794109            VIA20RD10            (3080.00 2785.00)
  EMIFNCS4_RTPD7       VIA20RD10            (519.00 2972.50)
  EMIFNCS4_RTPD7       VIA20RD10            (2820.00 2655.00)
  EMIFNCS4_RTPD7       VIA20RD10            (1420.00 2605.00)
  EMIFNCS4_RTPD7       VIA20RD10            (775.00 2735.00)
  EMIFNWE_EMIFNWR      VIA20RD10            (510.00 2210.00)
  EMIFNWE_EMIFNWR      VIA20RD10            (2190.00 2395.00)
  EMIFNWE_EMIFNWR      VIA20RD10            (2230.00 1045.00)
  SPI3CS2_I2CSDA_NHET127 VIA20RD10            (2517.72 257.50)
  SPI3CS2_I2CSDA_NHET127 VIA20RD10            (3387.00 307.49)
  SPI3CS2_I2CSDA_NHET127 VIA16RD8MASK         (2382.30 1872.30)
  SPI3CS2_I2CSDA_NHET127 VIA20RD10            (2365.00 1570.50)
  EMIFNOE_ETMD13       VIA20RD10            (1755.00 2240.00)
  GIOA6                VIA20RD10            (3430.00 1090.00)
  GIOA6                VIA20RD10            (3603.40 442.50)
  GIOA6                VIA16RD8MASK         (2571.30 1903.80)
  GIOA6                VIA20RD10            (3142.50 1182.50)
  EMIFBA1_NHET205      VIA20RD10            (2195.00 1045.00)
  EMIFBA1_NHET205      VIA20RD10            (531.22 2188.78)
  EMIFA21_RTPCLK       VIA20RD10            (547.50 2843.51)
  EMIFA21_RTPCLK       VIA20RD10            (625.00 2275.00)
  EMIFBA0_ETMD12       VIA16RD8MASK         (2626.30 1058.70)
  NHET116              VIA20RD10            (1040.00 2005.00)
  NHET116              VIA20RD10            (648.70 653.09)
  NHET116              VIA20RD10            (2262.00 2110.58)
  EMIFA19_RTPNENA      VIA20RD10            (625.00 2325.00)
  SPI2ENA              VIA20RD10            (2455.00 1715.00)
  SPI2ENA              VIA16RD8MASK         (2445.30 1903.80)
  SPI2ENA              VIA20RD10            (2491.00 392.50)
  SPI2ENA              VIA20RD10            (244.00 4334.98)
  NHET117              VIA20RD10            (1725.00 2545.00)
  NHET117              VIA20RD10            (2145.00 2580.00)
  NHET117              VIA20RD10            (1780.00 2110.58)
  NHET117              VIA16RD8MASK         (2319.30 2250.20)
  NHET117              VIA20RD10            (2023.00 2122.00)
  NHET117              VIA20RD10            (2370.00 932.50)
  EMIFA17_RTPD1        VIA20RD10            (590.00 2375.00)
  NHET118              VIA16RD8MASK         (2602.80 1809.30)
  DMMDATA11            VIA20RD10            (2045.00 2325.00)
  DMMDATA11            VIA16RD8MASK         (2539.80 2376.20)
  DMMDATA11            VIA20RD10            (1971.04 1531.04)
  DMMDATA11            VIA20RD10            (620.00 1645.00)
  DMMDATA11            VIA20RD10            (620.00 1380.00)
  SPI2SIMO             VIA20RD10            (2380.73 1134.56)
  SPI2SIMO             VIA20RD10            (585.00 4199.00)
  SPI2SIMO             VIA20RD10            (645.04 4652.00)
  EMIFA13_RTPD5        VIA20RD10            (590.00 2425.00)
  EMIFA13_RTPD5        VIA20RD10            (2150.00 1518.00)
  EMIFA13_RTPD5        VIA20RD10            (530.00 1480.00)
  NHET119              VIA16RD8MASK         (2350.80 2250.20)
  NHET119              VIA20RD10            (2254.88 657.50)
  EMIFA12_RTPD6        VIA20RD10            (2225.00 1515.00)
  EMIFA12_RTPD6        VIA16RD8MASK         (2846.70 1058.70)
  EMIFA12_RTPD6        VIA20RD10            (1010.00 2425.00)
  EMIFA12_RTPD6        VIA20RD10            (1054.00 1580.00)
  ETH_RESETN           VIA20RD10            (1120.00 3955.00)
  ETH_RESETN           VIA16RD8MASK         (2350.80 2376.20)
  ETH_RESETN           VIA20RD10            (2315.00 3720.00)
  ETH_RESETN           VIA20RD10            (1265.00 3585.00)
  ETH_RESETN           VIA20RD10            (551.00 3797.00)
  ETH_RESETN           VIA20RD10            (1195.00 2320.00)
  NHET120              VIA16RD8MASK         (2791.70 1840.80)
  NHET120              VIA20RD10            (3342.38 1322.38)
  SPI3CS3_I2CSCL_NHET129 VIA16RD8MASK         (2413.80 1903.80)
  SPI3CS3_I2CSCL_NHET129 VIA20RD10            (2512.22 367.50)
  SPI3CS3_I2CSCL_NHET129 VIA20RD10            (2404.80 1575.00)
  DMMSYNC              VIA20RD10            (585.00 1230.00)
  DMMSYNC              VIA20RD10            (1800.00 2300.00)
  DMMSYNC              VIA20RD10            (520.00 2090.00)
  NHET121              VIA20RD10            (3245.00 760.00)
  NHET121              VIA16RD8MASK         (2571.30 1935.30)
  EMIFA11_RTPD8        VIA20RD10            (2224.80 1474.80)
  EMIFA11_RTPD8        VIA16RD8MASK         (2815.20 1058.70)
  EMIFA11_RTPD8        VIA20RD10            (485.00 1520.00)
  EMIFA11_RTPD8        VIA20RD10            (1050.00 2475.00)
  SPI3SOMI             VIA16RD8MASK         (2949.20 2061.30)
  SPI3SOMI             VIA20RD10            (3585.00 985.00)
  EMIFA9_RTPD10        VIA16RD8MASK         (2783.70 1058.70)
  EMIFA9_RTPD10        VIA20RD10            (2145.00 1415.00)
  EMIFA9_RTPD10        VIA20RD10            (485.00 1380.00)
  DMMDATA14            VIA16RD8MASK         (2571.30 2344.70)
  DMMDATA14            VIA20RD10            (1920.00 2320.00)
  DMMDATA14            VIA20RD10            (555.00 2110.48)
  SPI1CS2_NHET119_MDIO VIA16RD8MASK         (2539.80 1903.80)
  SPI1CS2_NHET119_MDIO VIA20RD10            (2545.00 2785.00)
  NHET122_W2FCSE0O     VIA20RD10            (1590.00 1580.00)
  NHET122_W2FCSE0O     VIA20RD10            (1470.00 1265.00)
  RMII_REFCLK          VIA20RD10            (3095.00 2960.00)
  RMII_REFCLK          VIA20RD10            (2585.00 3490.00)
  RMII_REFCLK          VIA20RD10            (2040.00 3585.00)
  EMIFD15_ETMD31       VIA20RD10            (2665.00 785.00)
  EMIFD15_ETMD31       VIA20RD10            (3142.50 1495.00)
  EMIFD15_ETMD31       VIA16RD8MASK         (2823.20 2061.30)
  EMIFA10_RTPD9        VIA20RD10            (590.00 2475.00)
  EMIFA10_RTPD9        VIA20RD10            (2145.00 1455.00)
  EMIFA10_RTPD9        VIA16RD8MASK         (2563.30 1090.20)
  EMIFA10_RTPD9        VIA20RD10            (530.00 1280.00)
  SPI3CS1_NHET125_MDCLK VIA20RD10            (2950.00 2770.00)
  SPI3CS1_NHET125_MDCLK VIA20RD10            (2610.00 2960.00)
  MDIO_D               VIA20RD10            (2634.84 2990.16)
  MDIO_D               VIA20RD10            (2410.00 3715.00)
  N16759617            VIA20RD10            (1336.50 1132.00)
  N16759617            VIA20RD10            (1022.62 3370.00)
  N16759617            VIA20RD10            (735.00 1225.00)
  EMIFD14_ETMD30       VIA20RD10            (2635.00 790.00)
  EMIFD14_ETMD30       VIA20RD10            (2724.00 1390.00)
  EMIFD14_ETMD30       VIA16RD8MASK         (2823.20 2029.80)
  NHET123              VIA16RD8MASK         (2602.80 1935.30)
  MDIO_CLK             VIA20RD10            (2040.00 3655.00)
  MDIO_CLK             VIA20RD10            (2540.00 2940.00)
  MDIO_CLK             VIA20RD10            (2400.00 3680.00)
  EMIFD13_ETMD29       VIA20RD10            (2695.00 780.00)
  DMMCLK               VIA20RD10            (1005.00 1180.00)
  DMMCLK               VIA20RD10            (620.00 1180.00)
  DMMCLK               VIA20RD10            (1932.50 2447.00)
  DMMCLK               VIA20RD10            (1122.38 2399.62)
  NHET112              VIA20RD10            (2810.47 2995.47)
  NHET112              VIA20RD10            (3450.00 675.00)
  EMIFD12_ETMD28       VIA20RD10            (2735.00 775.00)
  DMMDATA2             VIA20RD10            (3080.00 1260.00)
  DMMDATA2             VIA20RD10            (1085.00 1190.00)
  SPI2CLK              VIA20RD10            (731.65 4648.00)
  SPI2CLK              VIA20RD10            (917.50 1760.00)
  SPI2CLK              VIA20RD10            (1950.00 1625.00)
  NHET124_RMIIRXD0     VIA16RD8MASK         (2791.70 1809.30)
  NHET124_RMIIRXD0     VIA20RD10            (3510.00 1600.00)
  NHET124_RMIIRXD0     VIA20RD10            (3262.50 1480.00)
  NHET124_RMIIRXD0     VIA20RD10            (3270.25 1250.00)
  NHET124_RMIIRXD0     VIA20RD10            (3059.84 3204.84)
  NHET124              VIA20RD10            (3025.00 3235.00)
  NHET124              VIA20RD10            (3953.00 724.10)
  EMIFD11_ETMD27       VIA20RD10            (2760.00 752.50)
  EMIFD11_ETMD27       VIA20RD10            (2920.00 1430.00)
  EMIFD11_ETMD27       VIA16RD8MASK         (2791.70 1966.80)
  DMMDATA9             VIA16RD8MASK         (2476.80 2344.70)
  DMMDATA9             VIA20RD10            (585.00 1380.00)
  SPI5SOMI0_RMIITXD0   VIA20RD10            (2075.00 2510.00)
  SPI5SOMI0_RMIITXD0   VIA20RD10            (2135.00 3075.00)
  SPI5SOMI0_RMIITXD0   VIA20RD10            (2930.00 3000.00)
  EMIFD10_ETMD26       VIA20RD10            (2940.00 790.00)
  EMIFD10_ETMD26       VIA20RD10            (2885.00 1445.00)
  EMIFD10_ETMD26       VIA16RD8MASK         (2760.20 1966.80)
  DMMDATA8             VIA20RD10            (862.51 1738.97)
  DMMDATA8             VIA20RD10            (740.00 2757.50)
  SPI1CS0_OHCIRCVDATA0 VIA20RD10            (2440.00 2710.00)
  SPI1CS0_OHCIRCVDATA0 VIA16RD8MASK         (2823.20 1840.80)
  SPI1CS0_OHCIRCVDATA0 VIA20RD10            (3547.50 1024.99)
  SPI1CS0_OHCIRCVDATA0 VIA20RD10            (3539.51 2833.50)
  NHET125              VIA20RD10            (3105.00 1710.00)
  NHET125              VIA16RD8MASK         (2728.70 1903.80)
  NHET125              VIA20RD10            (3610.00 1367.50)
  NHET128              VIA20RD10            (3826.00 2877.00)
  NHET128              VIA20RD10            (3858.51 2642.50)
  NHET128              VIA20RD10            (3908.50 907.41)
  NHET128              VIA20RD10            (3079.53 3000.47)
  EMIFD9_ETMD25        VIA20RD10            (2980.00 765.00)
  EMIFD9_ETMD25        VIA20RD10            (3030.00 1410.00)
  EMIFD9_ETMD25        VIA16RD8MASK         (2728.70 1966.80)
  SPI5SOMI0            VIA20RD10            (3225.00 2955.40)
  SPI5SOMI0            VIA20RD10            (3020.47 3000.47)
  EMIFD8_ETMD24        VIA20RD10            (3027.50 1620.00)
  EMIFD8_ETMD24        VIA20RD10            (2955.00 745.00)
  EMIFD8_ETMD24        VIA16RD8MASK         (2697.20 1966.80)
  EMIFA5_ETMD8         VIA20RD10            (2670.00 1090.00)
  NHET100              VIA20RD10            (3712.50 1247.49)
  NHET100              VIA16RD8MASK         (2634.30 2439.20)
  NHET100              VIA20RD10            (3553.00 2790.00)
  DMMENAN              VIA20RD10            (620.00 1230.00)
  DMMENAN              VIA20RD10            (1800.00 2475.00)
  DMMENAN              VIA20RD10            (520.00 2250.00)
  SPI2SOMI             VIA20RD10            (818.27 4653.00)
  SPI2SOMI             VIA20RD10            (540.00 4180.00)
  SPI2SOMI             VIA20RD10            (2355.00 1150.00)
  SPI5SIMO0            VIA20RD10            (2615.16 3204.84)
  EMIFA4_ETMD9         VIA20RD10            (2670.00 1140.00)
  USB_LINTX            VIA20RD10            (1740.00 2925.00)
  USB_LINTX            VIA20RD10            (1911.11 1680.00)
  DMMDATA12            VIA20RD10            (1045.00 1430.00)
  SPI5CLK              VIA20RD10            (2690.00 3205.00)
  EMIFA3_ETMD10        VIA20RD10            (1686.70 1225.00)
  USB_LINRX            VIA20RD10            (1740.00 2890.00)
  USB_LINRX            VIA20RD10            (1876.88 1680.00)
  DMMDATA5             VIA16RD8MASK         (2476.80 2470.70)
  DMMDATA5             VIA20RD10            (2010.00 2545.00)
  DMMDATA5             VIA20RD10            (585.00 1330.00)
  DMMDATA5             VIA20RD10            (760.00 2190.00)
  NHET127              VIA20RD10            (2937.00 187.51)
  NHET127              VIA20RD10            (2496.50 295.75)
  NHET127              VIA20RD10            (887.50 332.13)
  NHET127              VIA16RD8MASK         (2319.30 2092.80)
  NHET127              VIA20RD10            (985.00 1980.00)
  NHET127              VIA20RD10            (920.00 770.00)
  SPI1CS2_NHET119      VIA20RD10            (2710.00 2920.00)
  EMIFD7_ETMD23        VIA20RD10            (2610.00 705.00)
  EMIFA2_ETMD11        VIA20RD10            (1740.00 1230.00)
  VCC_1V8XDS           VIA20RD10            (1336.50 2083.50)
  VCC_1V8XDS           VIA20RD10            (1735.40 3226.02)
  VCC_1V8XDS           VIA20RD10            (1853.90 2876.10)
  VCC_1V8XDS           VIA20RD10            (1745.00 3100.00)
  SPI3CS1_NHET125      VIA20RD10            (2595.47 2990.47)
  SPI3CS1_NHET125      VIA20RD10            (3860.00 2840.00)
  SPI3CS1_NHET125      VIA20RD10            (3712.50 1127.50)
  EMIFD6_ETMD22        VIA20RD10            (2470.00 765.00)
  EMIFA1_NHET203       VIA20RD10            (2050.00 1120.00)
  VCC_3V3XDS           VIA20RD10            (1095.00 4179.50)
  VCC_3V3XDS           VIA16RD8MASK         (1544.00 2351.00)
  VCC_3V3XDS           VIA20RD10            (1235.00 2725.00)
  VCC_3V3XDS           VIA20RD10            (1735.00 2825.00)
  VCC_3V3XDS           VIA20RD10            (1400.00 3395.00)
  VCC_3V3XDS           VIA20RD10            (1400.00 3485.00)
  VCC_3V3XDS           VIA20RD10            (1450.00 3395.00)
  VCC_3V3XDS           VIA20RD10            (1328.00 3338.00)
  VCC_3V3XDS           VIA20RD10            (1505.00 3395.00)
  VCC_3V3XDS           VIA20RD10            (1725.00 3415.00)
  VCC_3V3XDS           VIA20RD10            (1730.00 2780.00)
  VCC_3V3XDS           VIA20RD10            (1780.00 2755.00)
  VCC_3V3XDS           VIA20RD10            (1500.00 3485.00)
  VCC_3V3XDS           VIA20RD10            (1740.00 2974.50)
  VCC_3V3XDS           VIA20RD10            (1370.00 2749.50)
  NHET128_RMIIREFCLK   VIA16RD8MASK         (2634.30 2470.70)
  NHET128_RMIIREFCLK   VIA20RD10            (3120.00 3000.30)
  EMIFD5_ETMD21        VIA20RD10            (2495.00 740.00)
  EMIFA0_NHET201       VIA20RD10            (2080.00 1115.00)
  SPI1_CLK             VIA20RD10            (2445.00 2680.00)
  RTP_JTAG_RESETN      VIA20RD10            (639.57 3177.50)
  RTP_JTAG_RESETN      VIA20RD10            (625.00 2625.00)
  EMIFD4_ETMD20        VIA20RD10            (2470.00 715.00)
  ETMTRACECLKOUT       VIA16RD8MASK         (2823.20 2124.30)
  ETMTRACECLKOUT       VIA20RD10            (2495.00 3080.00)
  ETMTRACECLKOUT       VIA20RD10            (1822.40 1170.00)
  ETMTRACECLKOUT       VIA20RD10            (1660.00 2945.00)
  DMMDATA10            VIA20RD10            (997.51 1835.00)
  DMMDATA10            VIA20RD10            (1005.00 1380.00)
  DMMDATA10            VIA16RD8MASK         (2571.30 2376.20)
  DMMDATA10            VIA20RD10            (2010.00 2260.00)
  DMMDATA10            VIA20RD10            (925.00 2050.00)
  NHET129              VIA16RD8MASK         (2235.97 1874.03)
  NHET129              VIA20RD10            (2319.80 295.00)
  NHET129              VIA20RD10            (3168.41 121.25)
  NHET129              VIA20RD10            (2350.00 1195.00)
  EMIFD3_ETMD19        VIA20RD10            (2585.00 1465.00)
  EMIFD3_ETMD19        VIA20RD10            (2435.00 715.00)
  EMIFD3_ETMD19        VIA16RD8MASK         (2760.20 2313.20)
  N16405393            VIA20RD10            (2915.00 890.00)
  N16405393            VIA16RD8MASK         (2846.70 964.30)
  DMMDATA0             VIA16RD8MASK         (2697.20 2470.70)
  DMMDATA0             VIA20RD10            (1055.00 1280.00)
  DMMDATA0             VIA20RD10            (1047.50 2745.00)
  EMIFD2_ETMD18        VIA20RD10            (2545.00 1425.00)
  EMIFD2_ETMD18        VIA20RD10            (2365.00 970.00)
  EMIFD2_ETMD18        VIA16RD8MASK         (2728.70 2313.20)
  NHET130_OHCISPEED0   VIA20RD10            (1990.00 2790.00)
  NHET130_OHCISPEED0   VIA16RD8MASK         (2350.80 2187.20)
  NHET130_OHCISPEED0   VIA20RD10            (1975.00 2260.00)
  EMIFD1_ETMD17        VIA20RD10            (2545.00 1462.50)
  EMIFD1_ETMD17        VIA20RD10            (2365.00 1005.00)
  EMIFD1_ETMD17        VIA16RD8MASK         (2697.20 2313.20)
  DMMDATA15            VIA20RD10            (640.00 1966.70)
  DMMDATA15            VIA20RD10            (620.00 1430.00)
  DMMDATA15            VIA20RD10            (1140.00 2057.50)
  DMMDATA15            VIA16RD8MASK         (2539.80 2344.70)
  EMIFD0_ETMD16        VIA20RD10            (2570.00 1354.80)
  EMIFD0_ETMD16        VIA20RD10            (2400.00 965.00)
  EMIFD0_ETMD16        VIA16RD8MASK         (2634.30 2313.20)
  DMMDATA1             VIA16RD8MASK         (2697.20 2439.20)
  DMMDATA1             VIA20RD10            (1587.50 2835.00)
  DMMDATA1             VIA20RD10            (673.28 2925.18)
  DMMDATA1             VIA20RD10            (585.00 1280.00)
  N16405361            VIA20RD10            (2525.00 952.38)
  N16405361            VIA16RD8MASK         (2594.80 901.30)
  N17011828            VIA20RD10            (3820.00 2610.00)
  N16405353            VIA16RD8MASK         (2594.80 932.80)
  EMIF_CLK             VIA20RD10            (2665.00 1700.00)
  EMIF_CLK             VIA16RD8MASK         (2815.20 1027.20)
  IO_VCC               VIA16RD8MASK         (2508.30 1998.30)
  IO_VCC               VIA16RD8MASK         (2791.70 2061.30)
  IO_VCC               VIA16RD8MASK         (2791.70 1998.30)
  IO_VCC               VIA16RD8MASK         (2760.20 1998.30)
  IO_VCC               VIA16RD8MASK         (2571.30 1998.30)
  IO_VCC               VIA16RD8MASK         (2539.80 1998.30)
  IO_VCC               VIA16RD8MASK         (2508.30 2281.70)
  IO_VCC               VIA16RD8MASK         (2508.30 2218.70)
  IO_VCC               VIA16RD8MASK         (2791.70 2281.70)
  IO_VCC               VIA16RD8MASK         (2791.70 2250.20)
  IO_VCC               VIA16RD8MASK         (2760.20 2281.70)
  IO_VCC               VIA16RD8MASK         (2728.70 2281.70)
  IO_VCC               VIA16RD8MASK         (2539.80 2281.70)
  IO_VCC               VIA20RD10            (2275.00 1945.00)
  IO_VCC               VIA20RD10            (3050.80 2284.30)
  IO_VCC               VIA20RD10            (2534.40 1784.40)
  IO_VCC               VIA20RD10            (3308.04 1796.62)
  IO_VCC               VIA20RD10            (2620.00 2600.00)
  IO_VCC               VIA20RD10            (2620.00 2640.00)
  IO_VCC               VIA20RD10            (2240.00 2055.00)
  IO_VCC               VIA20RD10            (3309.06 1703.89)
  IO_VCC               VIA20RD10            (2240.00 2015.00)
  IO_VCC               VIA20RD10            (2855.00 2505.00)
  IO_VCC               VIA20RD10            (2218.50 2285.00)
  IO_VCC               VIA20RD10            (2240.00 1975.00)
  IO_VCC               VIA20RD10            (3019.60 1934.40)
  IO_VCC               VIA20RD10            (2649.00 2584.00)
  CORE_VCC             VIA16RD8MASK         (2508.30 2092.80)
  CORE_VCC             VIA16RD8MASK         (2697.20 1998.30)

<< Summary >>
  Total dangling lines:       0
  Total dangling vias:      109
  Total antenna vias:      1195
